Archive member included to satisfy reference by file (symbol)

/home/nada/.eclipse/com.st.stm32cube.ide.mcu.rcp.product_1.11.2_139060371_linux_gtk_x86_64/plugins/com.st.stm32cube.ide.mcu.externaltools.gnu-tools-for-stm32.10.3-2021.10.linux64_1.0.200.202301161003/tools/bin/../lib/gcc/arm-none-eabi/10.3.1/../../../../arm-none-eabi/lib/thumb/v7e-m+fp/hard/libc_nano.a(lib_a-errno.o)
                              ./Core/Src/syscalls.o (__errno)
/home/nada/.eclipse/com.st.stm32cube.ide.mcu.rcp.product_1.11.2_139060371_linux_gtk_x86_64/plugins/com.st.stm32cube.ide.mcu.externaltools.gnu-tools-for-stm32.10.3-2021.10.linux64_1.0.200.202301161003/tools/bin/../lib/gcc/arm-none-eabi/10.3.1/../../../../arm-none-eabi/lib/thumb/v7e-m+fp/hard/libc_nano.a(lib_a-exit.o)
                              /home/nada/.eclipse/com.st.stm32cube.ide.mcu.rcp.product_1.11.2_139060371_linux_gtk_x86_64/plugins/com.st.stm32cube.ide.mcu.externaltools.gnu-tools-for-stm32.10.3-2021.10.linux64_1.0.200.202301161003/tools/bin/../lib/gcc/arm-none-eabi/10.3.1/../../../../arm-none-eabi/lib/thumb/v7e-m+fp/hard/crt0.o (exit)
/home/nada/.eclipse/com.st.stm32cube.ide.mcu.rcp.product_1.11.2_139060371_linux_gtk_x86_64/plugins/com.st.stm32cube.ide.mcu.externaltools.gnu-tools-for-stm32.10.3-2021.10.linux64_1.0.200.202301161003/tools/bin/../lib/gcc/arm-none-eabi/10.3.1/../../../../arm-none-eabi/lib/thumb/v7e-m+fp/hard/libc_nano.a(lib_a-findfp.o)
                              ./Middlewares/Third_Party/FreeRTOS/Source/tasks.o (__sf_fake_stderr)
/home/nada/.eclipse/com.st.stm32cube.ide.mcu.rcp.product_1.11.2_139060371_linux_gtk_x86_64/plugins/com.st.stm32cube.ide.mcu.externaltools.gnu-tools-for-stm32.10.3-2021.10.linux64_1.0.200.202301161003/tools/bin/../lib/gcc/arm-none-eabi/10.3.1/../../../../arm-none-eabi/lib/thumb/v7e-m+fp/hard/libc_nano.a(lib_a-fwalk.o)
                              /home/nada/.eclipse/com.st.stm32cube.ide.mcu.rcp.product_1.11.2_139060371_linux_gtk_x86_64/plugins/com.st.stm32cube.ide.mcu.externaltools.gnu-tools-for-stm32.10.3-2021.10.linux64_1.0.200.202301161003/tools/bin/../lib/gcc/arm-none-eabi/10.3.1/../../../../arm-none-eabi/lib/thumb/v7e-m+fp/hard/libc_nano.a(lib_a-findfp.o) (_fwalk)
/home/nada/.eclipse/com.st.stm32cube.ide.mcu.rcp.product_1.11.2_139060371_linux_gtk_x86_64/plugins/com.st.stm32cube.ide.mcu.externaltools.gnu-tools-for-stm32.10.3-2021.10.linux64_1.0.200.202301161003/tools/bin/../lib/gcc/arm-none-eabi/10.3.1/../../../../arm-none-eabi/lib/thumb/v7e-m+fp/hard/libc_nano.a(lib_a-impure.o)
                              /home/nada/.eclipse/com.st.stm32cube.ide.mcu.rcp.product_1.11.2_139060371_linux_gtk_x86_64/plugins/com.st.stm32cube.ide.mcu.externaltools.gnu-tools-for-stm32.10.3-2021.10.linux64_1.0.200.202301161003/tools/bin/../lib/gcc/arm-none-eabi/10.3.1/../../../../arm-none-eabi/lib/thumb/v7e-m+fp/hard/libc_nano.a(lib_a-exit.o) (_global_impure_ptr)
/home/nada/.eclipse/com.st.stm32cube.ide.mcu.rcp.product_1.11.2_139060371_linux_gtk_x86_64/plugins/com.st.stm32cube.ide.mcu.externaltools.gnu-tools-for-stm32.10.3-2021.10.linux64_1.0.200.202301161003/tools/bin/../lib/gcc/arm-none-eabi/10.3.1/../../../../arm-none-eabi/lib/thumb/v7e-m+fp/hard/libc_nano.a(lib_a-init.o)
                              /home/nada/.eclipse/com.st.stm32cube.ide.mcu.rcp.product_1.11.2_139060371_linux_gtk_x86_64/plugins/com.st.stm32cube.ide.mcu.externaltools.gnu-tools-for-stm32.10.3-2021.10.linux64_1.0.200.202301161003/tools/bin/../lib/gcc/arm-none-eabi/10.3.1/../../../../arm-none-eabi/lib/thumb/v7e-m+fp/hard/crt0.o (__libc_init_array)
/home/nada/.eclipse/com.st.stm32cube.ide.mcu.rcp.product_1.11.2_139060371_linux_gtk_x86_64/plugins/com.st.stm32cube.ide.mcu.externaltools.gnu-tools-for-stm32.10.3-2021.10.linux64_1.0.200.202301161003/tools/bin/../lib/gcc/arm-none-eabi/10.3.1/../../../../arm-none-eabi/lib/thumb/v7e-m+fp/hard/libc_nano.a(lib_a-lock.o)
                              /home/nada/.eclipse/com.st.stm32cube.ide.mcu.rcp.product_1.11.2_139060371_linux_gtk_x86_64/plugins/com.st.stm32cube.ide.mcu.externaltools.gnu-tools-for-stm32.10.3-2021.10.linux64_1.0.200.202301161003/tools/bin/../lib/gcc/arm-none-eabi/10.3.1/../../../../arm-none-eabi/lib/thumb/v7e-m+fp/hard/libc_nano.a(lib_a-findfp.o) (__retarget_lock_init_recursive)
/home/nada/.eclipse/com.st.stm32cube.ide.mcu.rcp.product_1.11.2_139060371_linux_gtk_x86_64/plugins/com.st.stm32cube.ide.mcu.externaltools.gnu-tools-for-stm32.10.3-2021.10.linux64_1.0.200.202301161003/tools/bin/../lib/gcc/arm-none-eabi/10.3.1/../../../../arm-none-eabi/lib/thumb/v7e-m+fp/hard/libc_nano.a(lib_a-memcpy-stub.o)
                              ./Middlewares/Third_Party/FreeRTOS/Source/CMSIS_RTOS_V2/cmsis_os2.o (memcpy)
[...]
Memory Configuration

Name             Origin             Length             Attributes
RAM              0x0000000020000000 0x0000000000050000 xrw
FLASH            0x0000000008000000 0x0000000000100000 xr
*default*        0x0000000000000000 0xffffffffffffffff

Linker script and memory map

LOAD /home/nada/.eclipse/com.st.stm32cube.ide.mcu.rcp.product_1.11.2_139060371_linux_gtk_x86_64/plugins/com.st.stm32cube.ide.mcu.externaltools.gnu-tools-for-stm32.10.3-2021.10.linux64_1.0.200.202301161003/tools/bin/../lib/gcc/arm-none-eabi/10.3.1/thumb/v7e-m+fp/hard/crti.o
LOAD /home/nada/.eclipse/com.st.stm32cube.ide.mcu.rcp.product_1.11.2_139060371_linux_gtk_x86_64/plugins/com.st.stm32cube.ide.mcu.externaltools.gnu-tools-for-stm32.10.3-2021.10.linux64_1.0.200.202301161003/tools/bin/../lib/gcc/arm-none-eabi/10.3.1/thumb/v7e-m+fp/hard/crtbegin.o
LOAD /home/nada/.eclipse/com.st.stm32cube.ide.mcu.rcp.product_1.11.2_139060371_linux_gtk_x86_64/plugins/com.st.stm32cube.ide.mcu.externaltools.gnu-tools-for-stm32.10.3-2021.10.linux64_1.0.200.202301161003/tools/bin/../lib/gcc/arm-none-eabi/10.3.1/../../../../arm-none-eabi/lib/thumb/v7e-m+fp/hard/crt0.o
LOAD ./Core/Src/freertos.o
LOAD ./Core/Src/main.o
LOAD ./Core/Src/stm32f7xx_hal_msp.o
LOAD ./Core/Src/stm32f7xx_hal_timebase_tim.o
LOAD ./Core/Src/stm32f7xx_it.o
LOAD ./Core/Src/syscalls.o
LOAD ./Core/Src/sysmem.o
LOAD ./Core/Src/system_stm32f7xx.o
LOAD ./Core/Startup/startup_stm32f746zgtx.o
LOAD ./Drivers/STM32F7xx_HAL_Driver/Src/stm32f7xx_hal.o
LOAD ./Drivers/STM32F7xx_HAL_Driver/Src/stm32f7xx_hal_cortex.o
LOAD ./Drivers/STM32F7xx_HAL_Driver/Src/stm32f7xx_hal_dma.o
LOAD ./Drivers/STM32F7xx_HAL_Driver/Src/stm32f7xx_hal_dma_ex.o
LOAD ./Drivers/STM32F7xx_HAL_Driver/Src/stm32f7xx_hal_eth.o
LOAD ./Drivers/STM32F7xx_HAL_Driver/Src/stm32f7xx_hal_exti.o
LOAD ./Drivers/STM32F7xx_HAL_Driver/Src/stm32f7xx_hal_flash.o
LOAD ./Drivers/STM32F7xx_HAL_Driver/Src/stm32f7xx_hal_flash_ex.o
LOAD ./Drivers/STM32F7xx_HAL_Driver/Src/stm32f7xx_hal_gpio.o
LOAD ./Drivers/STM32F7xx_HAL_Driver/Src/stm32f7xx_hal_i2c.o
LOAD ./Drivers/STM32F7xx_HAL_Driver/Src/stm32f7xx_hal_i2c_ex.o
LOAD ./Drivers/STM32F7xx_HAL_Driver/Src/stm32f7xx_hal_pcd.o
LOAD ./Drivers/STM32F7xx_HAL_Driver/Src/stm32f7xx_hal_pcd_ex.o
LOAD ./Drivers/STM32F7xx_HAL_Driver/Src/stm32f7xx_hal_pwr.o
LOAD ./Drivers/STM32F7xx_HAL_Driver/Src/stm32f7xx_hal_pwr_ex.o
LOAD ./Drivers/STM32F7xx_HAL_Driver/Src/stm32f7xx_hal_rcc.o
LOAD ./Drivers/STM32F7xx_HAL_Driver/Src/stm32f7xx_hal_rcc_ex.o
LOAD ./Drivers/STM32F7xx_HAL_Driver/Src/stm32f7xx_hal_spi.o
LOAD ./Drivers/STM32F7xx_HAL_Driver/Src/stm32f7xx_hal_spi_ex.o
LOAD ./Drivers/STM32F7xx_HAL_Driver/Src/stm32f7xx_hal_tim.o
LOAD ./Drivers/STM32F7xx_HAL_Driver/Src/stm32f7xx_hal_tim_ex.o
LOAD ./Drivers/STM32F7xx_HAL_Driver/Src/stm32f7xx_hal_uart.o
LOAD ./Drivers/STM32F7xx_HAL_Driver/Src/stm32f7xx_hal_uart_ex.o
LOAD ./Drivers/STM32F7xx_HAL_Driver/Src/stm32f7xx_ll_usb.o
LOAD ./Middlewares/Third_Party/FreeRTOS/Source/CMSIS_RTOS_V2/cmsis_os2.o
LOAD ./Middlewares/Third_Party/FreeRTOS/Source/croutine.o
LOAD ./Middlewares/Third_Party/FreeRTOS/Source/event_groups.o
LOAD ./Middlewares/Third_Party/FreeRTOS/Source/list.o
LOAD ./Middlewares/Third_Party/FreeRTOS/Source/queue.o
LOAD ./Middlewares/Third_Party/FreeRTOS/Source/stream_buffer.o
LOAD ./Middlewares/Third_Party/FreeRTOS/Source/tasks.o
LOAD ./Middlewares/Third_Party/FreeRTOS/Source/timers.o
LOAD ./Middlewares/Third_Party/FreeRTOS/Source/portable/GCC/ARM_CM7/r0p1/port.o
LOAD ./Middlewares/Third_Party/FreeRTOS/Source/portable/MemMang/heap_4.o
START GROUP
LOAD /home/nada/.eclipse/com.st.stm32cube.ide.mcu.rcp.product_1.11.2_139060371_linux_gtk_x86_64/plugins/com.st.stm32cube.ide.mcu.externaltools.gnu-tools-for-stm32.10.3-2021.10.linux64_1.0.200.202301161003/tools/bin/../lib/gcc/arm-none-eabi/10.3.1/../../../../arm-none-eabi/lib/thumb/v7e-m+fp/hard/libc_nano.a
LOAD /home/nada/.eclipse/com.st.stm32cube.ide.mcu.rcp.product_1.11.2_139060371_linux_gtk_x86_64/plugins/com.st.stm32cube.ide.mcu.externaltools.gnu-tools-for-stm32.10.3-2021.10.linux64_1.0.200.202301161003/tools/bin/../lib/gcc/arm-none-eabi/10.3.1/../../../../arm-none-eabi/lib/thumb/v7e-m+fp/hard/libm.a
END GROUP
START GROUP
LOAD /home/nada/.eclipse/com.st.stm32cube.ide.mcu.rcp.product_1.11.2_139060371_linux_gtk_x86_64/plugins/com.st.stm32cube.ide.mcu.externaltools.gnu-tools-for-stm32.10.3-2021.10.linux64_1.0.200.202301161003/tools/bin/../lib/gcc/arm-none-eabi/10.3.1/thumb/v7e-m+fp/hard/libgcc.a
LOAD /home/nada/.eclipse/com.st.stm32cube.ide.mcu.rcp.product_1.11.2_139060371_linux_gtk_x86_64/plugins/com.st.stm32cube.ide.mcu.externaltools.gnu-tools-for-stm32.10.3-2021.10.linux64_1.0.200.202301161003/tools/bin/../lib/gcc/arm-none-eabi/10.3.1/../../../../arm-none-eabi/lib/thumb/v7e-m+fp/hard/libc_nano.a
END GROUP
START GROUP
LOAD /home/nada/.eclipse/com.st.stm32cube.ide.mcu.rcp.product_1.11.2_139060371_linux_gtk_x86_64/plugins/com.st.stm32cube.ide.mcu.externaltools.gnu-tools-for-stm32.10.3-2021.10.linux64_1.0.200.202301161003/tools/bin/../lib/gcc/arm-none-eabi/10.3.1/thumb/v7e-m+fp/hard/libgcc.a
LOAD /home/nada/.eclipse/com.st.stm32cube.ide.mcu.rcp.product_1.11.2_139060371_linux_gtk_x86_64/plugins/com.st.stm32cube.ide.mcu.externaltools.gnu-tools-for-stm32.10.3-2021.10.linux64_1.0.200.202301161003/tools/bin/../lib/gcc/arm-none-eabi/10.3.1/../../../../arm-none-eabi/lib/thumb/v7e-m+fp/hard/libc_nano.a
LOAD /home/nada/.eclipse/com.st.stm32cube.ide.mcu.rcp.product_1.11.2_139060371_linux_gtk_x86_64/plugins/com.st.stm32cube.ide.mcu.externaltools.gnu-tools-for-stm32.10.3-2021.10.linux64_1.0.200.202301161003/tools/bin/../lib/gcc/arm-none-eabi/10.3.1/../../../../arm-none-eabi/lib/thumb/v7e-m+fp/hard/libnosys.a
END GROUP
START GROUP
LOAD /home/nada/.eclipse/com.st.stm32cube.ide.mcu.rcp.product_1.11.2_139060371_linux_gtk_x86_64/plugins/com.st.stm32cube.ide.mcu.externaltools.gnu-tools-for-stm32.10.3-2021.10.linux64_1.0.200.202301161003/tools/bin/../lib/gcc/arm-none-eabi/10.3.1/thumb/v7e-m+fp/hard/libgcc.a
LOAD /home/nada/.eclipse/com.st.stm32cube.ide.mcu.rcp.product_1.11.2_139060371_linux_gtk_x86_64/plugins/com.st.stm32cube.ide.mcu.externaltools.gnu-tools-for-stm32.10.3-2021.10.linux64_1.0.200.202301161003/tools/bin/../lib/gcc/arm-none-eabi/10.3.1/../../../../arm-none-eabi/lib/thumb/v7e-m+fp/hard/libc_nano.a
LOAD /home/nada/.eclipse/com.st.stm32cube.ide.mcu.rcp.product_1.11.2_139060371_linux_gtk_x86_64/plugins/com.st.stm32cube.ide.mcu.externaltools.gnu-tools-for-stm32.10.3-2021.10.linux64_1.0.200.202301161003/tools/bin/../lib/gcc/arm-none-eabi/10.3.1/../../../../arm-none-eabi/lib/thumb/v7e-m+fp/hard/libnosys.a
END GROUP
LOAD /home/nada/.eclipse/com.st.stm32cube.ide.mcu.rcp.product_1.11.2_139060371_linux_gtk_x86_64/plugins/com.st.stm32cube.ide.mcu.externaltools.gnu-tools-for-stm32.10.3-2021.10.linux64_1.0.200.202301161003/tools/bin/../lib/gcc/arm-none-eabi/10.3.1/thumb/v7e-m+fp/hard/crtend.o
LOAD /home/nada/.eclipse/com.st.stm32cube.ide.mcu.rcp.product_1.11.2_139060371_linux_gtk_x86_64/plugins/com.st.stm32cube.ide.mcu.externaltools.gnu-tools-for-stm32.10.3-2021.10.linux64_1.0.200.202301161003/tools/bin/../lib/gcc/arm-none-eabi/10.3.1/thumb/v7e-m+fp/hard/crtn.o
                0x0000000020050000                _estack = (ORIGIN (RAM) + LENGTH (RAM))
                0x0000000000000200                _Min_Heap_Size = 0x200
                0x0000000000000400                _Min_Stack_Size = 0x400

.isr_vector     0x0000000008000000      0x1c8
                0x0000000008000000                . = ALIGN (0x4)
 *(.isr_vector)
 .isr_vector    0x0000000008000000      0x1c8 ./Core/Startup/startup_stm32f746zgtx.o
                0x0000000008000000                g_pfnVectors
                0x00000000080001c8                . = ALIGN (0x4)

.text           0x00000000080001d0     0x8c20
                0x00000000080001d0                . = ALIGN (0x4)
 *(.text)
 .text          0x00000000080001d0       0x40 /home/nada/.eclipse/com.st.stm32cube.ide.mcu.rcp.product_1.11.2_139060371_linux_gtk_x86_64/plugins/com.st.stm32cube.ide.mcu.externaltools.gnu-tools-for-stm32.10.3-2021.10.linux64_1.0.200.202301161003/tools/bin/../lib/gcc/arm-none-eabi/10.3.1/thumb/v7e-m+fp/hard/crtbegin.o
 .text          0x0000000008000210       0x30 /home/nada/.eclipse/com.st.stm32cube.ide.mcu.rcp.product_1.11.2_139060371_linux_gtk_x86_64/plugins/com.st.stm32cube.ide.mcu.externaltools.gnu-tools-for-stm32.10.3-2021.10.linux64_1.0.200.202301161003/tools/bin/../lib/gcc/arm-none-eabi/10.3.1/thumb/v7e-m+fp/hard/libgcc.a(_aeabi_uldivmod.o)
                0x0000000008000210                __aeabi_uldivmod
 .text          0x0000000008000240      0x2d0 /home/nada/.eclipse/com.st.stm32cube.ide.mcu.rcp.product_1.11.2_139060371_linux_gtk_x86_64/plugins/com.st.stm32cube.ide.mcu.externaltools.gnu-tools-for-stm32.10.3-2021.10.linux64_1.0.200.202301161003/tools/bin/../lib/gcc/arm-none-eabi/10.3.1/thumb/v7e-m+fp/hard/libgcc.a(_udivmoddi4.o)
                0x0000000008000240                __udivmoddi4
 .text          0x0000000008000510        0x4 /home/nada/.eclipse/com.st.stm32cube.ide.mcu.rcp.product_1.11.2_139060371_linux_gtk_x86_64/plugins/com.st.stm32cube.ide.mcu.externaltools.gnu-tools-for-stm32.10.3-2021.10.linux64_1.0.200.202301161003/tools/bin/../lib/gcc/arm-none-eabi/10.3.1/thumb/v7e-m+fp/hard/libgcc.a(_dvmd_tls.o)
                0x0000000008000510                __aeabi_ldiv0
                0x0000000008000510                __aeabi_idiv0
 *(.text*)
 .text.main     0x0000000008000514       0xd0 ./Core/Src/main.o
                0x0000000008000514                main
 .text.SystemClock_Config
                0x00000000080005e4       0xd0 ./Core/Src/main.o
                0x00000000080005e4                SystemClock_Config
 .text.MX_ETH_Init
                0x00000000080006b4       0x9c ./Core/Src/main.o
 .text.MX_SPI1_Init
                0x0000000008000750       0x7c ./Core/Src/main.o
 .text.MX_SPI2_Init
                0x00000000080007cc       0x7c ./Core/Src/main.o
 .text.MX_USART3_UART_Init
                0x0000000008000848       0x60 ./Core/Src/main.o
 .text.MX_USB_OTG_FS_PCD_Init
                0x00000000080008a8       0x5c ./Core/Src/main.o
 .text.MX_GPIO_Init
                0x0000000008000904      0x144 ./Core/Src/main.o
 .text.StartEnable
                0x0000000008000a48       0xf8 ./Core/Src/main.o
                0x0000000008000a48                StartEnable
 .text.StartInit
                0x0000000008000b40      0x144 ./Core/Src/main.o
                0x0000000008000b40                StartInit
 .text.StartTest
                0x0000000008000c84      0x15c ./Core/Src/main.o
                0x0000000008000c84                StartTest
 .text.StartUpdate
                0x0000000008000de0      0x220 ./Core/Src/main.o
                0x0000000008000de0                StartUpdate
 .text.HAL_TIM_PeriodElapsedCallback
                0x0000000008001000       0x24 ./Core/Src/main.o
                0x0000000008001000                HAL_TIM_PeriodElapsedCallback
 .text.Error_Handler
                0x0000000008001024        0xa ./Core/Src/main.o
                0x0000000008001024                Error_Handler
 *fill*         0x000000000800102e        0x2 
 .text.HAL_MspInit
                0x0000000008001030       0x50 ./Core/Src/stm32f7xx_hal_msp.o
                0x0000000008001030                HAL_MspInit
 .text.HAL_ETH_MspInit
                0x0000000008001080      0x170 ./Core/Src/stm32f7xx_hal_msp.o
                0x0000000008001080                HAL_ETH_MspInit
 .text.HAL_SPI_MspInit
                0x00000000080011f0      0x160 ./Core/Src/stm32f7xx_hal_msp.o
                0x00000000080011f0                HAL_SPI_MspInit
 .text.HAL_UART_MspInit
                0x0000000008001350       0xc0 ./Core/Src/stm32f7xx_hal_msp.o
                0x0000000008001350                HAL_UART_MspInit
 .text.HAL_PCD_MspInit
                0x0000000008001410       0xf4 ./Core/Src/stm32f7xx_hal_msp.o
                0x0000000008001410                HAL_PCD_MspInit
 .text.HAL_InitTick
                0x0000000008001504       0xf4 ./Core/Src/stm32f7xx_hal_timebase_tim.o
                0x0000000008001504                HAL_InitTick
 .text.NMI_Handler
                0x00000000080015f8        0x6 ./Core/Src/stm32f7xx_it.o
                0x00000000080015f8                NMI_Handler
 .text.HardFault_Handler
                0x00000000080015fe        0x6 ./Core/Src/stm32f7xx_it.o
                0x00000000080015fe                HardFault_Handler
 .text.MemManage_Handler
                0x0000000008001604        0x6 ./Core/Src/stm32f7xx_it.o
                0x0000000008001604                MemManage_Handler
 .text.BusFault_Handler
                0x000000000800160a        0x6 ./Core/Src/stm32f7xx_it.o
                0x000000000800160a                BusFault_Handler
 .text.UsageFault_Handler
                0x0000000008001610        0x6 ./Core/Src/stm32f7xx_it.o
                0x0000000008001610                UsageFault_Handler
 .text.DebugMon_Handler
                0x0000000008001616        0xe ./Core/Src/stm32f7xx_it.o
                0x0000000008001616                DebugMon_Handler
 .text.TIM6_DAC_IRQHandler
                0x0000000008001624       0x14 ./Core/Src/stm32f7xx_it.o
                0x0000000008001624                TIM6_DAC_IRQHandler
 .text.SystemInit
                0x0000000008001638       0x24 ./Core/Src/system_stm32f7xx.o
                0x0000000008001638                SystemInit
 .text.Reset_Handler
                0x000000000800165c       0x50 ./Core/Startup/startup_stm32f746zgtx.o
                0x000000000800165c                Reset_Handler
 .text.Default_Handler
                0x00000000080016ac        0x2 ./Core/Startup/startup_stm32f746zgtx.o
                0x00000000080016ac                RTC_Alarm_IRQHandler
                0x00000000080016ac                EXTI2_IRQHandler
                0x00000000080016ac                TIM8_CC_IRQHandler
                0x00000000080016ac                UART8_IRQHandler
                0x00000000080016ac                SPI4_IRQHandler
                0x00000000080016ac                TIM1_CC_IRQHandler
                0x00000000080016ac                DMA2_Stream5_IRQHandler
                0x00000000080016ac                DMA1_Stream5_IRQHandler
                0x00000000080016ac                PVD_IRQHandler
                0x00000000080016ac                TAMP_STAMP_IRQHandler
                0x00000000080016ac                CAN2_RX1_IRQHandler
                0x00000000080016ac                EXTI3_IRQHandler
                0x00000000080016ac                TIM8_TRG_COM_TIM14_IRQHandler
                0x00000000080016ac                TIM1_UP_TIM10_IRQHandler
                0x00000000080016ac                TIM8_UP_TIM13_IRQHandler
                0x00000000080016ac                I2C3_ER_IRQHandler
                0x00000000080016ac                EXTI0_IRQHandler
                0x00000000080016ac                I2C2_EV_IRQHandler
                0x00000000080016ac                DMA1_Stream2_IRQHandler
                0x00000000080016ac                CAN1_RX0_IRQHandler
                0x00000000080016ac                FPU_IRQHandler
                0x00000000080016ac                OTG_HS_WKUP_IRQHandler
                0x00000000080016ac                LTDC_ER_IRQHandler
                0x00000000080016ac                CAN2_SCE_IRQHandler
                0x00000000080016ac                DMA2_Stream2_IRQHandler
                0x00000000080016ac                SPI1_IRQHandler
                0x00000000080016ac                TIM1_BRK_TIM9_IRQHandler
                0x00000000080016ac                DCMI_IRQHandler
                0x00000000080016ac                CAN2_RX0_IRQHandler
                0x00000000080016ac                DMA2_Stream3_IRQHandler
                0x00000000080016ac                SAI2_IRQHandler
                0x00000000080016ac                USART6_IRQHandler
                0x00000000080016ac                USART3_IRQHandler
                0x00000000080016ac                CAN1_RX1_IRQHandler
                0x00000000080016ac                UART5_IRQHandler
                0x00000000080016ac                DMA2_Stream0_IRQHandler
                0x00000000080016ac                TIM4_IRQHandler
                0x00000000080016ac                QUADSPI_IRQHandler
                0x00000000080016ac                I2C1_EV_IRQHandler
                0x00000000080016ac                DMA1_Stream6_IRQHandler
                0x00000000080016ac                DMA1_Stream1_IRQHandler
                0x00000000080016ac                UART4_IRQHandler
                0x00000000080016ac                TIM3_IRQHandler
                0x00000000080016ac                RCC_IRQHandler
                0x00000000080016ac                TIM8_BRK_TIM12_IRQHandler
                0x00000000080016ac                Default_Handler
                0x00000000080016ac                CEC_IRQHandler
                0x00000000080016ac                EXTI15_10_IRQHandler
                0x00000000080016ac                ADC_IRQHandler
                0x00000000080016ac                DMA1_Stream7_IRQHandler
                0x00000000080016ac                SPI5_IRQHandler
                0x00000000080016ac                TIM7_IRQHandler
                0x00000000080016ac                SDMMC1_IRQHandler
                0x00000000080016ac                CAN2_TX_IRQHandler
                0x00000000080016ac                TIM5_IRQHandler
                0x00000000080016ac                DMA2_Stream7_IRQHandler
                0x00000000080016ac                I2C3_EV_IRQHandler
                0x00000000080016ac                EXTI9_5_IRQHandler
                0x00000000080016ac                RTC_WKUP_IRQHandler
                0x00000000080016ac                LTDC_IRQHandler
                0x00000000080016ac                ETH_WKUP_IRQHandler
                0x00000000080016ac                SPDIF_RX_IRQHandler
                0x00000000080016ac                SPI2_IRQHandler
                0x00000000080016ac                OTG_HS_EP1_IN_IRQHandler
                0x00000000080016ac                DMA1_Stream0_IRQHandler
                0x00000000080016ac                CAN1_TX_IRQHandler
                0x00000000080016ac                EXTI4_IRQHandler
                0x00000000080016ac                RNG_IRQHandler
                0x00000000080016ac                ETH_IRQHandler
                0x00000000080016ac                OTG_HS_EP1_OUT_IRQHandler
                0x00000000080016ac                WWDG_IRQHandler
                0x00000000080016ac                SPI6_IRQHandler
                0x00000000080016ac                I2C4_EV_IRQHandler
                0x00000000080016ac                TIM2_IRQHandler
                0x00000000080016ac                OTG_FS_WKUP_IRQHandler
                0x00000000080016ac                TIM1_TRG_COM_TIM11_IRQHandler
                0x00000000080016ac                OTG_HS_IRQHandler
                0x00000000080016ac                DMA2D_IRQHandler
                0x00000000080016ac                EXTI1_IRQHandler
                0x00000000080016ac                UART7_IRQHandler
                0x00000000080016ac                USART2_IRQHandler
                0x00000000080016ac                I2C2_ER_IRQHandler
                0x00000000080016ac                DMA2_Stream1_IRQHandler
                0x00000000080016ac                CAN1_SCE_IRQHandler
                0x00000000080016ac                FLASH_IRQHandler
                0x00000000080016ac                DMA2_Stream4_IRQHandler
                0x00000000080016ac                USART1_IRQHandler
                0x00000000080016ac                OTG_FS_IRQHandler
                0x00000000080016ac                SPI3_IRQHandler
                0x00000000080016ac                DMA1_Stream4_IRQHandler
                0x00000000080016ac                I2C1_ER_IRQHandler
                0x00000000080016ac                FMC_IRQHandler
                0x00000000080016ac                LPTIM1_IRQHandler
                0x00000000080016ac                I2C4_ER_IRQHandler
                0x00000000080016ac                DMA2_Stream6_IRQHandler
                0x00000000080016ac                SAI1_IRQHandler
                0x00000000080016ac                DMA1_Stream3_IRQHandler
 .text.HAL_Init
                0x00000000080016ae       0x1a ./Drivers/STM32F7xx_HAL_Driver/Src/stm32f7xx_hal.o
                0x00000000080016ae                HAL_Init
 .text.HAL_IncTick
                0x00000000080016c8       0x28 ./Drivers/STM32F7xx_HAL_Driver/Src/stm32f7xx_hal.o
                0x00000000080016c8                HAL_IncTick
 .text.HAL_GetTick
                0x00000000080016f0       0x18 ./Drivers/STM32F7xx_HAL_Driver/Src/stm32f7xx_hal.o
                0x00000000080016f0                HAL_GetTick
 .text.HAL_Delay
                0x0000000008001708       0x48 ./Drivers/STM32F7xx_HAL_Driver/Src/stm32f7xx_hal.o
                0x0000000008001708                HAL_Delay
 .text.__NVIC_SetPriorityGrouping
                0x0000000008001750       0x48 ./Drivers/STM32F7xx_HAL_Driver/Src/stm32f7xx_hal_cortex.o
 .text.__NVIC_GetPriorityGrouping
                0x0000000008001798       0x1c ./Drivers/STM32F7xx_HAL_Driver/Src/stm32f7xx_hal_cortex.o
 .text.__NVIC_EnableIRQ
                0x00000000080017b4       0x3c ./Drivers/STM32F7xx_HAL_Driver/Src/stm32f7xx_hal_cortex.o
 .text.__NVIC_SetPriority
                0x00000000080017f0       0x54 ./Drivers/STM32F7xx_HAL_Driver/Src/stm32f7xx_hal_cortex.o
 .text.NVIC_EncodePriority
                0x0000000008001844       0x66 ./Drivers/STM32F7xx_HAL_Driver/Src/stm32f7xx_hal_cortex.o
 .text.HAL_NVIC_SetPriorityGrouping
                0x00000000080018aa       0x16 ./Drivers/STM32F7xx_HAL_Driver/Src/stm32f7xx_hal_cortex.o
                0x00000000080018aa                HAL_NVIC_SetPriorityGrouping
 .text.HAL_NVIC_SetPriority
                0x00000000080018c0       0x38 ./Drivers/STM32F7xx_HAL_Driver/Src/stm32f7xx_hal_cortex.o
                0x00000000080018c0                HAL_NVIC_SetPriority
 .text.HAL_NVIC_EnableIRQ
                0x00000000080018f8       0x1c ./Drivers/STM32F7xx_HAL_Driver/Src/stm32f7xx_hal_cortex.o
                0x00000000080018f8                HAL_NVIC_EnableIRQ
 .text.HAL_ETH_Init
                0x0000000008001914       0xf8 ./Drivers/STM32F7xx_HAL_Driver/Src/stm32f7xx_hal_eth.o
                0x0000000008001914                HAL_ETH_Init
 .text.ETH_SetMACConfig
                0x0000000008001a0c      0x160 ./Drivers/STM32F7xx_HAL_Driver/Src/stm32f7xx_hal_eth.o
 .text.ETH_SetDMAConfig
                0x0000000008001b6c      0x114 ./Drivers/STM32F7xx_HAL_Driver/Src/stm32f7xx_hal_eth.o
 .text.ETH_MACDMAConfig
                0x0000000008001c80       0xe4 ./Drivers/STM32F7xx_HAL_Driver/Src/stm32f7xx_hal_eth.o
 .text.ETH_MACAddressConfig
                0x0000000008001d64       0x70 ./Drivers/STM32F7xx_HAL_Driver/Src/stm32f7xx_hal_eth.o
 .text.ETH_DMATxDescListInit
                0x0000000008001dd4       0xb2 ./Drivers/STM32F7xx_HAL_Driver/Src/stm32f7xx_hal_eth.o
 .text.ETH_DMARxDescListInit
                0x0000000008001e86       0xda ./Drivers/STM32F7xx_HAL_Driver/Src/stm32f7xx_hal_eth.o
 .text.HAL_GPIO_Init
                0x0000000008001f60      0x358 ./Drivers/STM32F7xx_HAL_Driver/Src/stm32f7xx_hal_gpio.o
                0x0000000008001f60                HAL_GPIO_Init
 .text.HAL_GPIO_WritePin
                0x00000000080022b8       0x32 ./Drivers/STM32F7xx_HAL_Driver/Src/stm32f7xx_hal_gpio.o
                0x00000000080022b8                HAL_GPIO_WritePin
 .text.HAL_PCD_Init
                0x00000000080022ea      0x248 ./Drivers/STM32F7xx_HAL_Driver/Src/stm32f7xx_hal_pcd.o
                0x00000000080022ea                HAL_PCD_Init
 *fill*         0x0000000008002532        0x2 
 .text.HAL_PCDEx_ActivateLPM
                0x0000000008002534       0x48 ./Drivers/STM32F7xx_HAL_Driver/Src/stm32f7xx_hal_pcd_ex.o
                0x0000000008002534                HAL_PCDEx_ActivateLPM
 .text.HAL_PWR_EnableBkUpAccess
                0x000000000800257c       0x20 ./Drivers/STM32F7xx_HAL_Driver/Src/stm32f7xx_hal_pwr.o
                0x000000000800257c                HAL_PWR_EnableBkUpAccess
 .text.HAL_RCC_OscConfig
                0x000000000800259c      0x548 ./Drivers/STM32F7xx_HAL_Driver/Src/stm32f7xx_hal_rcc.o
                0x000000000800259c                HAL_RCC_OscConfig
 .text.HAL_RCC_ClockConfig
                0x0000000008002ae4      0x1d8 ./Drivers/STM32F7xx_HAL_Driver/Src/stm32f7xx_hal_rcc.o
                0x0000000008002ae4                HAL_RCC_ClockConfig
 .text.HAL_RCC_GetSysClockFreq
                0x0000000008002cbc      0x20c ./Drivers/STM32F7xx_HAL_Driver/Src/stm32f7xx_hal_rcc.o
                0x0000000008002cbc                HAL_RCC_GetSysClockFreq
 .text.HAL_RCC_GetHCLKFreq
                0x0000000008002ec8       0x18 ./Drivers/STM32F7xx_HAL_Driver/Src/stm32f7xx_hal_rcc.o
                0x0000000008002ec8                HAL_RCC_GetHCLKFreq
 .text.HAL_RCC_GetPCLK1Freq
                0x0000000008002ee0       0x28 ./Drivers/STM32F7xx_HAL_Driver/Src/stm32f7xx_hal_rcc.o
                0x0000000008002ee0                HAL_RCC_GetPCLK1Freq
 .text.HAL_RCC_GetPCLK2Freq
                0x0000000008002f08       0x28 ./Drivers/STM32F7xx_HAL_Driver/Src/stm32f7xx_hal_rcc.o
                0x0000000008002f08                HAL_RCC_GetPCLK2Freq
 .text.HAL_RCC_GetClockConfig
                0x0000000008002f30       0x64 ./Drivers/STM32F7xx_HAL_Driver/Src/stm32f7xx_hal_rcc.o
                0x0000000008002f30                HAL_RCC_GetClockConfig
 .text.HAL_RCCEx_PeriphCLKConfig
                0x0000000008002f94      0x7e0 ./Drivers/STM32F7xx_HAL_Driver/Src/stm32f7xx_hal_rcc_ex.o
                0x0000000008002f94                HAL_RCCEx_PeriphCLKConfig
 .text.HAL_SPI_Init
                0x0000000008003774      0x156 ./Drivers/STM32F7xx_HAL_Driver/Src/stm32f7xx_hal_spi.o
                0x0000000008003774                HAL_SPI_Init
 .text.HAL_SPI_Transmit
                0x00000000080038ca      0x2dc ./Drivers/STM32F7xx_HAL_Driver/Src/stm32f7xx_hal_spi.o
                0x00000000080038ca                HAL_SPI_Transmit
 *fill*         0x0000000008003ba6        0x2 
 .text.SPI_WaitFlagStateUntilTimeout
                0x0000000008003ba8      0x110 ./Drivers/STM32F7xx_HAL_Driver/Src/stm32f7xx_hal_spi.o
 .text.SPI_WaitFifoStateUntilTimeout
                0x0000000008003cb8      0x12c ./Drivers/STM32F7xx_HAL_Driver/Src/stm32f7xx_hal_spi.o
 .text.SPI_EndRxTxTransaction
                0x0000000008003de4       0xd4 ./Drivers/STM32F7xx_HAL_Driver/Src/stm32f7xx_hal_spi.o
 .text.HAL_TIM_Base_Init
                0x0000000008003eb8       0xae ./Drivers/STM32F7xx_HAL_Driver/Src/stm32f7xx_hal_tim.o
                0x0000000008003eb8                HAL_TIM_Base_Init
 .text.HAL_TIM_Base_MspInit
                0x0000000008003f66       0x14 ./Drivers/STM32F7xx_HAL_Driver/Src/stm32f7xx_hal_tim.o
                0x0000000008003f66                HAL_TIM_Base_MspInit
 *fill*         0x0000000008003f7a        0x2 
 .text.HAL_TIM_Base_Start_IT
                0x0000000008003f7c       0xf0 ./Drivers/STM32F7xx_HAL_Driver/Src/stm32f7xx_hal_tim.o
                0x0000000008003f7c                HAL_TIM_Base_Start_IT
 .text.HAL_TIM_IRQHandler
                0x000000000800406c      0x23e ./Drivers/STM32F7xx_HAL_Driver/Src/stm32f7xx_hal_tim.o
                0x000000000800406c                HAL_TIM_IRQHandler
 .text.HAL_TIM_OC_DelayElapsedCallback
                0x00000000080042aa       0x14 ./Drivers/STM32F7xx_HAL_Driver/Src/stm32f7xx_hal_tim.o
                0x00000000080042aa                HAL_TIM_OC_DelayElapsedCallback
 .text.HAL_TIM_IC_CaptureCallback
                0x00000000080042be       0x14 ./Drivers/STM32F7xx_HAL_Driver/Src/stm32f7xx_hal_tim.o
                0x00000000080042be                HAL_TIM_IC_CaptureCallback
 .text.HAL_TIM_PWM_PulseFinishedCallback
                0x00000000080042d2       0x14 ./Drivers/STM32F7xx_HAL_Driver/Src/stm32f7xx_hal_tim.o
                0x00000000080042d2                HAL_TIM_PWM_PulseFinishedCallback
 .text.HAL_TIM_TriggerCallback
                0x00000000080042e6       0x14 ./Drivers/STM32F7xx_HAL_Driver/Src/stm32f7xx_hal_tim.o
                0x00000000080042e6                HAL_TIM_TriggerCallback
 *fill*         0x00000000080042fa        0x2 
 .text.TIM_Base_SetConfig
                0x00000000080042fc      0x140 ./Drivers/STM32F7xx_HAL_Driver/Src/stm32f7xx_hal_tim.o
                0x00000000080042fc                TIM_Base_SetConfig
 .text.HAL_TIMEx_CommutCallback
                0x000000000800443c       0x14 ./Drivers/STM32F7xx_HAL_Driver/Src/stm32f7xx_hal_tim_ex.o
                0x000000000800443c                HAL_TIMEx_CommutCallback
 .text.HAL_TIMEx_BreakCallback
                0x0000000008004450       0x14 ./Drivers/STM32F7xx_HAL_Driver/Src/stm32f7xx_hal_tim_ex.o
                0x0000000008004450                HAL_TIMEx_BreakCallback
 .text.HAL_TIMEx_Break2Callback
                0x0000000008004464       0x14 ./Drivers/STM32F7xx_HAL_Driver/Src/stm32f7xx_hal_tim_ex.o
                0x0000000008004464                HAL_TIMEx_Break2Callback
 .text.HAL_UART_Init
                0x0000000008004478       0x9c ./Drivers/STM32F7xx_HAL_Driver/Src/stm32f7xx_hal_uart.o
                0x0000000008004478                HAL_UART_Init
 .text.HAL_UART_Transmit
                0x0000000008004514      0x106 ./Drivers/STM32F7xx_HAL_Driver/Src/stm32f7xx_hal_uart.o
                0x0000000008004514                HAL_UART_Transmit
 *fill*         0x000000000800461a        0x2 
 .text.UART_SetConfig
                0x000000000800461c      0x4c8 ./Drivers/STM32F7xx_HAL_Driver/Src/stm32f7xx_hal_uart.o
                0x000000000800461c                UART_SetConfig
 .text.UART_AdvFeatureConfig
                0x0000000008004ae4      0x144 ./Drivers/STM32F7xx_HAL_Driver/Src/stm32f7xx_hal_uart.o
                0x0000000008004ae4                UART_AdvFeatureConfig
 .text.UART_CheckIdleState
                0x0000000008004c28       0x6e ./Drivers/STM32F7xx_HAL_Driver/Src/stm32f7xx_hal_uart.o
                0x0000000008004c28                UART_CheckIdleState
 .text.UART_WaitOnFlagUntilTimeout
                0x0000000008004c96      0x18c ./Drivers/STM32F7xx_HAL_Driver/Src/stm32f7xx_hal_uart.o
                0x0000000008004c96                UART_WaitOnFlagUntilTimeout
 *fill*         0x0000000008004e22        0x2 
 .text.USB_CoreInit
                0x0000000008004e24       0xb0 ./Drivers/STM32F7xx_HAL_Driver/Src/stm32f7xx_ll_usb.o
                0x0000000008004e24                USB_CoreInit
 .text.USB_DisableGlobalInt
                0x0000000008004ed4       0x22 ./Drivers/STM32F7xx_HAL_Driver/Src/stm32f7xx_ll_usb.o
                0x0000000008004ed4                USB_DisableGlobalInt
 .text.USB_SetCurrentMode
                0x0000000008004ef6       0x98 ./Drivers/STM32F7xx_HAL_Driver/Src/stm32f7xx_ll_usb.o
                0x0000000008004ef6                USB_SetCurrentMode
 *fill*         0x0000000008004f8e        0x2 
 .text.USB_DevInit
                0x0000000008004f90      0x2bc ./Drivers/STM32F7xx_HAL_Driver/Src/stm32f7xx_ll_usb.o
                0x0000000008004f90                USB_DevInit
 .text.USB_FlushTxFifo
                0x000000000800524c       0x68 ./Drivers/STM32F7xx_HAL_Driver/Src/stm32f7xx_ll_usb.o
                0x000000000800524c                USB_FlushTxFifo
 .text.USB_FlushRxFifo
                0x00000000080052b4       0x60 ./Drivers/STM32F7xx_HAL_Driver/Src/stm32f7xx_ll_usb.o
                0x00000000080052b4                USB_FlushRxFifo
 .text.USB_SetDevSpeed
                0x0000000008005314       0x32 ./Drivers/STM32F7xx_HAL_Driver/Src/stm32f7xx_ll_usb.o
                0x0000000008005314                USB_SetDevSpeed
 .text.USB_DevDisconnect
                0x0000000008005346       0x42 ./Drivers/STM32F7xx_HAL_Driver/Src/stm32f7xx_ll_usb.o
                0x0000000008005346                USB_DevDisconnect
 .text.USB_GetMode
                0x0000000008005388       0x1c ./Drivers/STM32F7xx_HAL_Driver/Src/stm32f7xx_ll_usb.o
                0x0000000008005388                USB_GetMode
 .text.USB_CoreReset
                0x00000000080053a4       0x68 ./Drivers/STM32F7xx_HAL_Driver/Src/stm32f7xx_ll_usb.o
 .text.SVC_Setup
                0x000000000800540c        0xe ./Middlewares/Third_Party/FreeRTOS/Source/CMSIS_RTOS_V2/cmsis_os2.o
 *fill*         0x000000000800541a        0x2 
 .text.osKernelInitialize
                0x000000000800541c       0x68 ./Middlewares/Third_Party/FreeRTOS/Source/CMSIS_RTOS_V2/cmsis_os2.o
                0x000000000800541c                osKernelInitialize
 .text.osKernelStart
                0x0000000008005484       0x6c ./Middlewares/Third_Party/FreeRTOS/Source/CMSIS_RTOS_V2/cmsis_os2.o
                0x0000000008005484                osKernelStart
 .text.osThreadNew
                0x00000000080054f0      0x14c ./Middlewares/Third_Party/FreeRTOS/Source/CMSIS_RTOS_V2/cmsis_os2.o
                0x00000000080054f0                osThreadNew
 .text.osSemaphoreNew
                0x000000000800563c      0x138 ./Middlewares/Third_Party/FreeRTOS/Source/CMSIS_RTOS_V2/cmsis_os2.o
                0x000000000800563c                osSemaphoreNew
 .text.osSemaphoreAcquire
                0x0000000008005774       0xcc ./Middlewares/Third_Party/FreeRTOS/Source/CMSIS_RTOS_V2/cmsis_os2.o
                0x0000000008005774                osSemaphoreAcquire
 .text.osSemaphoreRelease
                0x0000000008005840       0xb0 ./Middlewares/Third_Party/FreeRTOS/Source/CMSIS_RTOS_V2/cmsis_os2.o
                0x0000000008005840                osSemaphoreRelease
 .text.vApplicationGetIdleTaskMemory
                0x00000000080058f0       0x34 ./Middlewares/Third_Party/FreeRTOS/Source/CMSIS_RTOS_V2/cmsis_os2.o
                0x00000000080058f0                vApplicationGetIdleTaskMemory
 .text.vApplicationGetTimerTaskMemory
                0x0000000008005924       0x34 ./Middlewares/Third_Party/FreeRTOS/Source/CMSIS_RTOS_V2/cmsis_os2.o
                0x0000000008005924                vApplicationGetTimerTaskMemory
 .text.vListInitialise
                0x0000000008005958       0x40 ./Middlewares/Third_Party/FreeRTOS/Source/list.o
                0x0000000008005958                vListInitialise
 .text.vListInitialiseItem
                0x0000000008005998       0x1a ./Middlewares/Third_Party/FreeRTOS/Source/list.o
                0x0000000008005998                vListInitialiseItem
 .text.vListInsertEnd
                0x00000000080059b2       0x48 ./Middlewares/Third_Party/FreeRTOS/Source/list.o
                0x00000000080059b2                vListInsertEnd
 .text.vListInsert
                0x00000000080059fa       0x72 ./Middlewares/Third_Party/FreeRTOS/Source/list.o
                0x00000000080059fa                vListInsert
 .text.uxListRemove
                0x0000000008005a6c       0x54 ./Middlewares/Third_Party/FreeRTOS/Source/list.o
                0x0000000008005a6c                uxListRemove
 .text.xQueueGenericReset
                0x0000000008005ac0       0xd4 ./Middlewares/Third_Party/FreeRTOS/Source/queue.o
                0x0000000008005ac0                xQueueGenericReset
 .text.xQueueGenericCreateStatic
                0x0000000008005b94      0x104 ./Middlewares/Third_Party/FreeRTOS/Source/queue.o
                0x0000000008005b94                xQueueGenericCreateStatic
 .text.xQueueGenericCreate
                0x0000000008005c98       0x84 ./Middlewares/Third_Party/FreeRTOS/Source/queue.o
                0x0000000008005c98                xQueueGenericCreate
 .text.prvInitialiseNewQueue
                0x0000000008005d1c       0x46 ./Middlewares/Third_Party/FreeRTOS/Source/queue.o
 .text.xQueueCreateCountingSemaphoreStatic
                0x0000000008005d62       0x76 ./Middlewares/Third_Party/FreeRTOS/Source/queue.o
                0x0000000008005d62                xQueueCreateCountingSemaphoreStatic
 .text.xQueueCreateCountingSemaphore
                0x0000000008005dd8       0x6e ./Middlewares/Third_Party/FreeRTOS/Source/queue.o
                0x0000000008005dd8                xQueueCreateCountingSemaphore
 *fill*         0x0000000008005e46        0x2 
 .text.xQueueGenericSend
                0x0000000008005e48      0x20c ./Middlewares/Third_Party/FreeRTOS/Source/queue.o
                0x0000000008005e48                xQueueGenericSend
 .text.xQueueGenericSendFromISR
                0x0000000008006054      0x140 ./Middlewares/Third_Party/FreeRTOS/Source/queue.o
                0x0000000008006054                xQueueGenericSendFromISR
 .text.xQueueGiveFromISR
                0x0000000008006194      0x12a ./Middlewares/Third_Party/FreeRTOS/Source/queue.o
                0x0000000008006194                xQueueGiveFromISR
 *fill*         0x00000000080062be        0x2 
 .text.xQueueReceive
                0x00000000080062c0      0x1cc ./Middlewares/Third_Party/FreeRTOS/Source/queue.o
                0x00000000080062c0                xQueueReceive
 .text.xQueueSemaphoreTake
                0x000000000800648c      0x228 ./Middlewares/Third_Party/FreeRTOS/Source/queue.o
                0x000000000800648c                xQueueSemaphoreTake
 .text.xQueueReceiveFromISR
                0x00000000080066b4      0x10c ./Middlewares/Third_Party/FreeRTOS/Source/queue.o
                0x00000000080066b4                xQueueReceiveFromISR
 .text.vQueueDelete
                0x00000000080067c0       0x4a ./Middlewares/Third_Party/FreeRTOS/Source/queue.o
                0x00000000080067c0                vQueueDelete
 .text.prvGetDisinheritPriorityAfterTimeout
                0x000000000800680a       0x30 ./Middlewares/Third_Party/FreeRTOS/Source/queue.o
 .text.prvCopyDataToQueue
                0x000000000800683a       0xd4 ./Middlewares/Third_Party/FreeRTOS/Source/queue.o
 .text.prvCopyDataFromQueue
                0x000000000800690e       0x4c ./Middlewares/Third_Party/FreeRTOS/Source/queue.o
 .text.prvUnlockQueue
                0x000000000800695a       0xa4 ./Middlewares/Third_Party/FreeRTOS/Source/queue.o
 .text.prvIsQueueEmpty
                0x00000000080069fe       0x2c ./Middlewares/Third_Party/FreeRTOS/Source/queue.o
 .text.prvIsQueueFull
                0x0000000008006a2a       0x30 ./Middlewares/Third_Party/FreeRTOS/Source/queue.o
 *fill*         0x0000000008006a5a        0x2 
 .text.vQueueAddToRegistry
                0x0000000008006a5c       0x54 ./Middlewares/Third_Party/FreeRTOS/Source/queue.o
                0x0000000008006a5c                vQueueAddToRegistry
 .text.vQueueUnregisterQueue
                0x0000000008006ab0       0x54 ./Middlewares/Third_Party/FreeRTOS/Source/queue.o
                0x0000000008006ab0                vQueueUnregisterQueue
 .text.vQueueWaitForMessageRestricted
                0x0000000008006b04       0x68 ./Middlewares/Third_Party/FreeRTOS/Source/queue.o
                0x0000000008006b04                vQueueWaitForMessageRestricted
 .text.xTaskCreateStatic
                0x0000000008006b6c       0xc6 ./Middlewares/Third_Party/FreeRTOS/Source/tasks.o
                0x0000000008006b6c                xTaskCreateStatic
 .text.xTaskCreate
                0x0000000008006c32       0x8a ./Middlewares/Third_Party/FreeRTOS/Source/tasks.o
                0x0000000008006c32                xTaskCreate
 .text.prvInitialiseNewTask
                0x0000000008006cbc      0x150 ./Middlewares/Third_Party/FreeRTOS/Source/tasks.o
 .text.prvAddNewTaskToReadyList
                0x0000000008006e0c       0xe0 ./Middlewares/Third_Party/FreeRTOS/Source/tasks.o
 .text.vTaskDelete
                0x0000000008006eec       0xe8 ./Middlewares/Third_Party/FreeRTOS/Source/tasks.o
                0x0000000008006eec                vTaskDelete
 .text.vTaskDelay
                0x0000000008006fd4       0x6c ./Middlewares/Third_Party/FreeRTOS/Source/tasks.o
                0x0000000008006fd4                vTaskDelay
 .text.vTaskStartScheduler
                0x0000000008007040       0xe8 ./Middlewares/Third_Party/FreeRTOS/Source/tasks.o
                0x0000000008007040                vTaskStartScheduler
 .text.vTaskSuspendAll
                0x0000000008007128       0x1c ./Middlewares/Third_Party/FreeRTOS/Source/tasks.o
                0x0000000008007128                vTaskSuspendAll
 .text.xTaskResumeAll
                0x0000000008007144      0x140 ./Middlewares/Third_Party/FreeRTOS/Source/tasks.o
                0x0000000008007144                xTaskResumeAll
 .text.xTaskGetTickCount
                0x0000000008007284       0x20 ./Middlewares/Third_Party/FreeRTOS/Source/tasks.o
                0x0000000008007284                xTaskGetTickCount
 .text.xTaskIncrementTick
                0x00000000080072a4      0x178 ./Middlewares/Third_Party/FreeRTOS/Source/tasks.o
                0x00000000080072a4                xTaskIncrementTick
 .text.vTaskSwitchContext
                0x000000000800741c       0xcc ./Middlewares/Third_Party/FreeRTOS/Source/tasks.o
                0x000000000800741c                vTaskSwitchContext
 .text.vTaskPlaceOnEventList
                0x00000000080074e8       0x4c ./Middlewares/Third_Party/FreeRTOS/Source/tasks.o
                0x00000000080074e8                vTaskPlaceOnEventList
 .text.vTaskPlaceOnEventListRestricted
                0x0000000008007534       0x5c ./Middlewares/Third_Party/FreeRTOS/Source/tasks.o
                0x0000000008007534                vTaskPlaceOnEventListRestricted
 .text.xTaskRemoveFromEventList
                0x0000000008007590       0xcc ./Middlewares/Third_Party/FreeRTOS/Source/tasks.o
                0x0000000008007590                xTaskRemoveFromEventList
 .text.vTaskInternalSetTimeOutState
                0x000000000800765c       0x2c ./Middlewares/Third_Party/FreeRTOS/Source/tasks.o
                0x000000000800765c                vTaskInternalSetTimeOutState
 .text.xTaskCheckForTimeOut
                0x0000000008007688       0xcc ./Middlewares/Third_Party/FreeRTOS/Source/tasks.o
                0x0000000008007688                xTaskCheckForTimeOut
 .text.vTaskMissedYield
                0x0000000008007754       0x18 ./Middlewares/Third_Party/FreeRTOS/Source/tasks.o
                0x0000000008007754                vTaskMissedYield
 .text.prvIdleTask
                0x000000000800776c       0x30 ./Middlewares/Third_Party/FreeRTOS/Source/tasks.o
 .text.prvInitialiseTaskLists
                0x000000000800779c       0x80 ./Middlewares/Third_Party/FreeRTOS/Source/tasks.o
 .text.prvCheckTasksWaitingTermination
                0x000000000800781c       0x5c ./Middlewares/Third_Party/FreeRTOS/Source/tasks.o
 .text.prvDeleteTCB
                0x0000000008007878       0x6c ./Middlewares/Third_Party/FreeRTOS/Source/tasks.o
 .text.prvResetNextTaskUnblockTime
                0x00000000080078e4       0x40 ./Middlewares/Third_Party/FreeRTOS/Source/tasks.o
 .text.xTaskGetSchedulerState
                0x0000000008007924       0x3c ./Middlewares/Third_Party/FreeRTOS/Source/tasks.o
                0x0000000008007924                xTaskGetSchedulerState
 .text.xTaskPriorityInherit
                0x0000000008007960       0xd0 ./Middlewares/Third_Party/FreeRTOS/Source/tasks.o
                0x0000000008007960                xTaskPriorityInherit
 .text.xTaskPriorityDisinherit
                0x0000000008007a30       0xe4 ./Middlewares/Third_Party/FreeRTOS/Source/tasks.o
                0x0000000008007a30                xTaskPriorityDisinherit
 .text.vTaskPriorityDisinheritAfterTimeout
                0x0000000008007b14      0x10c ./Middlewares/Third_Party/FreeRTOS/Source/tasks.o
                0x0000000008007b14                vTaskPriorityDisinheritAfterTimeout
 .text.pvTaskIncrementMutexHeldCount
                0x0000000008007c20       0x28 ./Middlewares/Third_Party/FreeRTOS/Source/tasks.o
                0x0000000008007c20                pvTaskIncrementMutexHeldCount
 .text.prvAddCurrentTaskToDelayedList
                0x0000000008007c48       0xa8 ./Middlewares/Third_Party/FreeRTOS/Source/tasks.o
 .text.xTimerCreateTimerTask
                0x0000000008007cf0       0x94 ./Middlewares/Third_Party/FreeRTOS/Source/timers.o
                0x0000000008007cf0                xTimerCreateTimerTask
 .text.xTimerGenericCommand
                0x0000000008007d84       0xa0 ./Middlewares/Third_Party/FreeRTOS/Source/timers.o
                0x0000000008007d84                xTimerGenericCommand
 .text.prvProcessExpiredTimer
                0x0000000008007e24       0x9c ./Middlewares/Third_Party/FreeRTOS/Source/timers.o
 .text.prvTimerTask
                0x0000000008007ec0       0x24 ./Middlewares/Third_Party/FreeRTOS/Source/timers.o
 .text.prvProcessTimerOrBlockTask
                0x0000000008007ee4       0x9c ./Middlewares/Third_Party/FreeRTOS/Source/timers.o
 .text.prvGetNextExpireTime
                0x0000000008007f80       0x48 ./Middlewares/Third_Party/FreeRTOS/Source/timers.o
 .text.prvSampleTimeNow
                0x0000000008007fc8       0x40 ./Middlewares/Third_Party/FreeRTOS/Source/timers.o
 .text.prvInsertTimerInActiveList
                0x0000000008008008       0x84 ./Middlewares/Third_Party/FreeRTOS/Source/timers.o
 .text.prvProcessReceivedCommands
                0x000000000800808c      0x1d0 ./Middlewares/Third_Party/FreeRTOS/Source/timers.o
 .text.prvSwitchTimerLists
                0x000000000800825c       0xcc ./Middlewares/Third_Party/FreeRTOS/Source/timers.o
 .text.prvCheckForValidListAndQueue
                0x0000000008008328       0x80 ./Middlewares/Third_Party/FreeRTOS/Source/timers.o
 .text.pxPortInitialiseStack
                0x00000000080083a8       0x68 ./Middlewares/Third_Party/FreeRTOS/Source/portable/GCC/ARM_CM7/r0p1/port.o
                0x00000000080083a8                pxPortInitialiseStack
 .text.prvTaskExitError
                0x0000000008008410       0x60 ./Middlewares/Third_Party/FreeRTOS/Source/portable/GCC/ARM_CM7/r0p1/port.o
 .text.SVC_Handler
                0x0000000008008470       0x28 ./Middlewares/Third_Party/FreeRTOS/Source/portable/GCC/ARM_CM7/r0p1/port.o
                0x0000000008008470                SVC_Handler
 .text.prvPortStartFirstTask
                0x0000000008008498       0x28 ./Middlewares/Third_Party/FreeRTOS/Source/portable/GCC/ARM_CM7/r0p1/port.o
 .text.xPortStartScheduler
                0x00000000080084c0       0xfc ./Middlewares/Third_Party/FreeRTOS/Source/portable/GCC/ARM_CM7/r0p1/port.o
                0x00000000080084c0                xPortStartScheduler
 .text.vPortEnterCritical
                0x00000000080085bc       0x68 ./Middlewares/Third_Party/FreeRTOS/Source/portable/GCC/ARM_CM7/r0p1/port.o
                0x00000000080085bc                vPortEnterCritical
 .text.vPortExitCritical
                0x0000000008008624       0x58 ./Middlewares/Third_Party/FreeRTOS/Source/portable/GCC/ARM_CM7/r0p1/port.o
                0x0000000008008624                vPortExitCritical
 *fill*         0x000000000800867c        0x4 
 .text.PendSV_Handler
                0x0000000008008680       0x68 ./Middlewares/Third_Party/FreeRTOS/Source/portable/GCC/ARM_CM7/r0p1/port.o
                0x0000000008008680                PendSV_Handler
 .text.SysTick_Handler
                0x00000000080086e8       0x48 ./Middlewares/Third_Party/FreeRTOS/Source/portable/GCC/ARM_CM7/r0p1/port.o
                0x00000000080086e8                SysTick_Handler
 .text.vPortSetupTimerInterrupt
                0x0000000008008730       0x48 ./Middlewares/Third_Party/FreeRTOS/Source/portable/GCC/ARM_CM7/r0p1/port.o
                0x0000000008008730                vPortSetupTimerInterrupt
 .text.vPortEnableVFP
                0x0000000008008778       0x14 ./Middlewares/Third_Party/FreeRTOS/Source/portable/GCC/ARM_CM7/r0p1/port.o
 .text.vPortValidateInterruptPriority
                0x000000000800878c       0x88 ./Middlewares/Third_Party/FreeRTOS/Source/portable/GCC/ARM_CM7/r0p1/port.o
                0x000000000800878c                vPortValidateInterruptPriority
 .text.pvPortMalloc
                0x0000000008008814      0x194 ./Middlewares/Third_Party/FreeRTOS/Source/portable/MemMang/heap_4.o
                0x0000000008008814                pvPortMalloc
 .text.vPortFree
                0x00000000080089a8       0xbc ./Middlewares/Third_Party/FreeRTOS/Source/portable/MemMang/heap_4.o
                0x00000000080089a8                vPortFree
 .text.prvHeapInit
                0x0000000008008a64       0xc4 ./Middlewares/Third_Party/FreeRTOS/Source/portable/MemMang/heap_4.o
 .text.prvInsertBlockIntoFreeList
                0x0000000008008b28       0xb4 ./Middlewares/Third_Party/FreeRTOS/Source/portable/MemMang/heap_4.o
 .text.__libc_init_array
                0x0000000008008bdc       0x48 /home/nada/.eclipse/com.st.stm32cube.ide.mcu.rcp.product_1.11.2_139060371_linux_gtk_x86_64/plugins/com.st.stm32cube.ide.mcu.externaltools.gnu-tools-for-stm32.10.3-2021.10.linux64_1.0.200.202301161003/tools/bin/../lib/gcc/arm-none-eabi/10.3.1/../../../../arm-none-eabi/lib/thumb/v7e-m+fp/hard/libc_nano.a(lib_a-init.o)
                0x0000000008008bdc                __libc_init_array
 .text.__retarget_lock_acquire_recursive
                0x0000000008008c24        0x2 /home/nada/.eclipse/com.st.stm32cube.ide.mcu.rcp.product_1.11.2_139060371_linux_gtk_x86_64/plugins/com.st.stm32cube.ide.mcu.externaltools.gnu-tools-for-stm32.10.3-2021.10.linux64_1.0.200.202301161003/tools/bin/../lib/gcc/arm-none-eabi/10.3.1/../../../../arm-none-eabi/lib/thumb/v7e-m+fp/hard/libc_nano.a(lib_a-lock.o)
                0x0000000008008c24                __retarget_lock_acquire_recursive
 .text.__retarget_lock_release_recursive
                0x0000000008008c26        0x2 /home/nada/.eclipse/com.st.stm32cube.ide.mcu.rcp.product_1.11.2_139060371_linux_gtk_x86_64/plugins/com.st.stm32cube.ide.mcu.externaltools.gnu-tools-for-stm32.10.3-2021.10.linux64_1.0.200.202301161003/tools/bin/../lib/gcc/arm-none-eabi/10.3.1/../../../../arm-none-eabi/lib/thumb/v7e-m+fp/hard/libc_nano.a(lib_a-lock.o)
                0x0000000008008c26                __retarget_lock_release_recursive
 .text.memcpy   0x0000000008008c28       0x1c /home/nada/.eclipse/com.st.stm32cube.ide.mcu.rcp.product_1.11.2_139060371_linux_gtk_x86_64/plugins/com.st.stm32cube.ide.mcu.externaltools.gnu-tools-for-stm32.10.3-2021.10.linux64_1.0.200.202301161003/tools/bin/../lib/gcc/arm-none-eabi/10.3.1/../../../../arm-none-eabi/lib/thumb/v7e-m+fp/hard/libc_nano.a(lib_a-memcpy-stub.o)
                0x0000000008008c28                memcpy
 .text.memset   0x0000000008008c44       0x10 /home/nada/.eclipse/com.st.stm32cube.ide.mcu.rcp.product_1.11.2_139060371_linux_gtk_x86_64/plugins/com.st.stm32cube.ide.mcu.externaltools.gnu-tools-for-stm32.10.3-2021.10.linux64_1.0.200.202301161003/tools/bin/../lib/gcc/arm-none-eabi/10.3.1/../../../../arm-none-eabi/lib/thumb/v7e-m+fp/hard/libc_nano.a(lib_a-memset.o)
                0x0000000008008c44                memset
 .text.cleanup_glue
                0x0000000008008c54       0x1a /home/nada/.eclipse/com.st.stm32cube.ide.mcu.rcp.product_1.11.2_139060371_linux_gtk_x86_64/plugins/com.st.stm32cube.ide.mcu.externaltools.gnu-tools-for-stm32.10.3-2021.10.linux64_1.0.200.202301161003/tools/bin/../lib/gcc/arm-none-eabi/10.3.1/../../../../arm-none-eabi/lib/thumb/v7e-m+fp/hard/libc_nano.a(lib_a-reent.o)
                0x0000000008008c54                cleanup_glue
 *fill*         0x0000000008008c6e        0x2 
 .text._reclaim_reent
                0x0000000008008c70       0xb8 /home/nada/.eclipse/com.st.stm32cube.ide.mcu.rcp.product_1.11.2_139060371_linux_gtk_x86_64/plugins/com.st.stm32cube.ide.mcu.externaltools.gnu-tools-for-stm32.10.3-2021.10.linux64_1.0.200.202301161003/tools/bin/../lib/gcc/arm-none-eabi/10.3.1/../../../../arm-none-eabi/lib/thumb/v7e-m+fp/hard/libc_nano.a(lib_a-reent.o)
                0x0000000008008c70                _reclaim_reent
 .text.__malloc_lock
                0x0000000008008d28        0xc /home/nada/.eclipse/com.st.stm32cube.ide.mcu.rcp.product_1.11.2_139060371_linux_gtk_x86_64/plugins/com.st.stm32cube.ide.mcu.externaltools.gnu-tools-for-stm32.10.3-2021.10.linux64_1.0.200.202301161003/tools/bin/../lib/gcc/arm-none-eabi/10.3.1/../../../../arm-none-eabi/lib/thumb/v7e-m+fp/hard/libc_nano.a(lib_a-mlock.o)
                0x0000000008008d28                __malloc_lock
 .text.__malloc_unlock
                0x0000000008008d34        0xc /home/nada/.eclipse/com.st.stm32cube.ide.mcu.rcp.product_1.11.2_139060371_linux_gtk_x86_64/plugins/com.st.stm32cube.ide.mcu.externaltools.gnu-tools-for-stm32.10.3-2021.10.linux64_1.0.200.202301161003/tools/bin/../lib/gcc/arm-none-eabi/10.3.1/../../../../arm-none-eabi/lib/thumb/v7e-m+fp/hard/libc_nano.a(lib_a-mlock.o)
                0x0000000008008d34                __malloc_unlock
 .text._free_r  0x0000000008008d40       0x98 /home/nada/.eclipse/com.st.stm32cube.ide.mcu.rcp.product_1.11.2_139060371_linux_gtk_x86_64/plugins/com.st.stm32cube.ide.mcu.externaltools.gnu-tools-for-stm32.10.3-2021.10.linux64_1.0.200.202301161003/tools/bin/../lib/gcc/arm-none-eabi/10.3.1/../../../../arm-none-eabi/lib/thumb/v7e-m+fp/hard/libc_nano.a(lib_a-nano-freer.o)
                0x0000000008008d40                _free_r
 *(.glue_7)
 .glue_7        0x0000000008008dd8        0x0 linker stubs
 *(.glue_7t)
 .glue_7t       0x0000000008008dd8        0x0 linker stubs
 *(.eh_frame)
 .eh_frame      0x0000000008008dd8        0x0 /home/nada/.eclipse/com.st.stm32cube.ide.mcu.rcp.product_1.11.2_139060371_linux_gtk_x86_64/plugins/com.st.stm32cube.ide.mcu.externaltools.gnu-tools-for-stm32.10.3-2021.10.linux64_1.0.200.202301161003/tools/bin/../lib/gcc/arm-none-eabi/10.3.1/thumb/v7e-m+fp/hard/crtbegin.o
 *(.init)
 .init          0x0000000008008dd8        0x4 /home/nada/.eclipse/com.st.stm32cube.ide.mcu.rcp.product_1.11.2_139060371_linux_gtk_x86_64/plugins/com.st.stm32cube.ide.mcu.externaltools.gnu-tools-for-stm32.10.3-2021.10.linux64_1.0.200.202301161003/tools/bin/../lib/gcc/arm-none-eabi/10.3.1/thumb/v7e-m+fp/hard/crti.o
                0x0000000008008dd8                _init
 .init          0x0000000008008ddc        0x8 /home/nada/.eclipse/com.st.stm32cube.ide.mcu.rcp.product_1.11.2_139060371_linux_gtk_x86_64/plugins/com.st.stm32cube.ide.mcu.externaltools.gnu-tools-for-stm32.10.3-2021.10.linux64_1.0.200.202301161003/tools/bin/../lib/gcc/arm-none-eabi/10.3.1/thumb/v7e-m+fp/hard/crtn.o
 *(.fini)
 .fini          0x0000000008008de4        0x4 /home/nada/.eclipse/com.st.stm32cube.ide.mcu.rcp.product_1.11.2_139060371_linux_gtk_x86_64/plugins/com.st.stm32cube.ide.mcu.externaltools.gnu-tools-for-stm32.10.3-2021.10.linux64_1.0.200.202301161003/tools/bin/../lib/gcc/arm-none-eabi/10.3.1/thumb/v7e-m+fp/hard/crti.o
                0x0000000008008de4                _fini
 .fini          0x0000000008008de8        0x8 /home/nada/.eclipse/com.st.stm32cube.ide.mcu.rcp.product_1.11.2_139060371_linux_gtk_x86_64/plugins/com.st.stm32cube.ide.mcu.externaltools.gnu-tools-for-stm32.10.3-2021.10.linux64_1.0.200.202301161003/tools/bin/../lib/gcc/arm-none-eabi/10.3.1/thumb/v7e-m+fp/hard/crtn.o
                0x0000000008008df0                . = ALIGN (0x4)
                0x0000000008008df0                _etext = .

.vfp11_veneer   0x0000000008008df0        0x0
 .vfp11_veneer  0x0000000008008df0        0x0 linker stubs

.v4_bx          0x0000000008008df0        0x0
 .v4_bx         0x0000000008008df0        0x0 linker stubs

.iplt           0x0000000008008df0        0x0
 .iplt          0x0000000008008df0        0x0 /home/nada/.eclipse/com.st.stm32cube.ide.mcu.rcp.product_1.11.2_139060371_linux_gtk_x86_64/plugins/com.st.stm32cube.ide.mcu.externaltools.gnu-tools-for-stm32.10.3-2021.10.linux64_1.0.200.202301161003/tools/bin/../lib/gcc/arm-none-eabi/10.3.1/thumb/v7e-m+fp/hard/crtbegin.o

.rodata         0x0000000008008df0      0x1b4
                0x0000000008008df0                . = ALIGN (0x4)
 *(.rodata)
 .rodata        0x0000000008008df0       0x72 ./Core/Src/main.o
 *fill*         0x0000000008008e62        0x2 
 .rodata        0x0000000008008e64        0x5 ./Middlewares/Third_Party/FreeRTOS/Source/tasks.o
 *fill*         0x0000000008008e69        0x3 
 .rodata        0x0000000008008e6c        0xd ./Middlewares/Third_Party/FreeRTOS/Source/timers.o
 *(.rodata*)
 *fill*         0x0000000008008e79        0x3 
 .rodata.Enable_attributes
                0x0000000008008e7c       0x24 ./Core/Src/main.o
                0x0000000008008e7c                Enable_attributes
 .rodata.Init_attributes
                0x0000000008008ea0       0x24 ./Core/Src/main.o
                0x0000000008008ea0                Init_attributes
 .rodata.Test_attributes
                0x0000000008008ec4       0x24 ./Core/Src/main.o
                0x0000000008008ec4                Test_attributes
 .rodata.Update_attributes
                0x0000000008008ee8       0x24 ./Core/Src/main.o
                0x0000000008008ee8                Update_attributes
 .rodata.myBinarySem_attributes
                0x0000000008008f0c       0x10 ./Core/Src/main.o
                0x0000000008008f0c                myBinarySem_attributes
 .rodata.arrayConfig
                0x0000000008008f1c        0x4 ./Core/Src/main.o
 .rodata.arrayInitialize
                0x0000000008008f20        0xc ./Core/Src/main.o
 .rodata.AHBPrescTable
                0x0000000008008f2c       0x10 ./Core/Src/system_stm32f7xx.o
                0x0000000008008f2c                AHBPrescTable
 .rodata.APBPrescTable
                0x0000000008008f3c        0x8 ./Core/Src/system_stm32f7xx.o
                0x0000000008008f3c                APBPrescTable
 .rodata.__sf_fake_stderr
                0x0000000008008f44       0x20 /home/nada/.eclipse/com.st.stm32cube.ide.mcu.rcp.product_1.11.2_139060371_linux_gtk_x86_64/plugins/com.st.stm32cube.ide.mcu.externaltools.gnu-tools-for-stm32.10.3-2021.10.linux64_1.0.200.202301161003/tools/bin/../lib/gcc/arm-none-eabi/10.3.1/../../../../arm-none-eabi/lib/thumb/v7e-m+fp/hard/libc_nano.a(lib_a-findfp.o)
                0x0000000008008f44                __sf_fake_stderr
 .rodata.__sf_fake_stdin
                0x0000000008008f64       0x20 /home/nada/.eclipse/com.st.stm32cube.ide.mcu.rcp.product_1.11.2_139060371_linux_gtk_x86_64/plugins/com.st.stm32cube.ide.mcu.externaltools.gnu-tools-for-stm32.10.3-2021.10.linux64_1.0.200.202301161003/tools/bin/../lib/gcc/arm-none-eabi/10.3.1/../../../../arm-none-eabi/lib/thumb/v7e-m+fp/hard/libc_nano.a(lib_a-findfp.o)
                0x0000000008008f64                __sf_fake_stdin
 .rodata.__sf_fake_stdout
                0x0000000008008f84       0x20 /home/nada/.eclipse/com.st.stm32cube.ide.mcu.rcp.product_1.11.2_139060371_linux_gtk_x86_64/plugins/com.st.stm32cube.ide.mcu.externaltools.gnu-tools-for-stm32.10.3-2021.10.linux64_1.0.200.202301161003/tools/bin/../lib/gcc/arm-none-eabi/10.3.1/../../../../arm-none-eabi/lib/thumb/v7e-m+fp/hard/libc_nano.a(lib_a-findfp.o)
                0x0000000008008f84                __sf_fake_stdout
                0x0000000008008fa4                . = ALIGN (0x4)

.ARM.extab      0x0000000008008fa4        0x0
                0x0000000008008fa4                . = ALIGN (0x4)
 *(.ARM.extab* .gnu.linkonce.armextab.*)
                0x0000000008008fa4                . = ALIGN (0x4)

.ARM            0x0000000008008fa4        0x8
                0x0000000008008fa4                . = ALIGN (0x4)
                0x0000000008008fa4                __exidx_start = .
 *(.ARM.exidx*)
 .ARM.exidx     0x0000000008008fa4        0x8 /home/nada/.eclipse/com.st.stm32cube.ide.mcu.rcp.product_1.11.2_139060371_linux_gtk_x86_64/plugins/com.st.stm32cube.ide.mcu.externaltools.gnu-tools-for-stm32.10.3-2021.10.linux64_1.0.200.202301161003/tools/bin/../lib/gcc/arm-none-eabi/10.3.1/thumb/v7e-m+fp/hard/libgcc.a(_udivmoddi4.o)
                0x0000000008008fac                __exidx_end = .
                0x0000000008008fac                . = ALIGN (0x4)

.rel.dyn        0x0000000008008fac        0x0
 .rel.iplt      0x0000000008008fac        0x0 /home/nada/.eclipse/com.st.stm32cube.ide.mcu.rcp.product_1.11.2_139060371_linux_gtk_x86_64/plugins/com.st.stm32cube.ide.mcu.externaltools.gnu-tools-for-stm32.10.3-2021.10.linux64_1.0.200.202301161003/tools/bin/../lib/gcc/arm-none-eabi/10.3.1/thumb/v7e-m+fp/hard/crtbegin.o

.preinit_array  0x0000000008008fac        0x0
                0x0000000008008fac                . = ALIGN (0x4)
                0x0000000008008fac                PROVIDE (__preinit_array_start = .)
 *(.preinit_array*)
                0x0000000008008fac                PROVIDE (__preinit_array_end = .)
                0x0000000008008fac                . = ALIGN (0x4)

.init_array     0x0000000008008fac        0x4
                0x0000000008008fac                . = ALIGN (0x4)
                0x0000000008008fac                PROVIDE (__init_array_start = .)
 *(SORT_BY_NAME(.init_array.*))
 *(.init_array*)
 .init_array    0x0000000008008fac        0x4 /home/nada/.eclipse/com.st.stm32cube.ide.mcu.rcp.product_1.11.2_139060371_linux_gtk_x86_64/plugins/com.st.stm32cube.ide.mcu.externaltools.gnu-tools-for-stm32.10.3-2021.10.linux64_1.0.200.202301161003/tools/bin/../lib/gcc/arm-none-eabi/10.3.1/thumb/v7e-m+fp/hard/crtbegin.o
                0x0000000008008fb0                PROVIDE (__init_array_end = .)
                0x0000000008008fb0                . = ALIGN (0x4)

.fini_array     0x0000000008008fb0        0x4
                0x0000000008008fb0                . = ALIGN (0x4)
                [!provide]                        PROVIDE (__fini_array_start = .)
 *(SORT_BY_NAME(.fini_array.*))
 *(.fini_array*)
 .fini_array    0x0000000008008fb0        0x4 /home/nada/.eclipse/com.st.stm32cube.ide.mcu.rcp.product_1.11.2_139060371_linux_gtk_x86_64/plugins/com.st.stm32cube.ide.mcu.externaltools.gnu-tools-for-stm32.10.3-2021.10.linux64_1.0.200.202301161003/tools/bin/../lib/gcc/arm-none-eabi/10.3.1/thumb/v7e-m+fp/hard/crtbegin.o
                [!provide]                        PROVIDE (__fini_array_end = .)
                0x0000000008008fb4                . = ALIGN (0x4)
                0x0000000008008fb4                _sidata = LOADADDR (.data)

.data           0x0000000020000000       0x84 load address 0x0000000008008fb4
                0x0000000020000000                . = ALIGN (0x4)
                0x0000000020000000                _sdata = .
 *(.data)
 *(.data*)
 .data.ConfigRISA
                0x0000000020000000        0x6 ./Core/Src/main.o
 *fill*         0x0000000020000006        0x2 
 .data.ConfigRISB
                0x0000000020000008        0x6 ./Core/Src/main.o
 *fill*         0x000000002000000e        0x2 
 .data.SystemCoreClock
                0x0000000020000010        0x4 ./Core/Src/system_stm32f7xx.o
                0x0000000020000010                SystemCoreClock
 .data.uwTickPrio
                0x0000000020000014        0x4 ./Drivers/STM32F7xx_HAL_Driver/Src/stm32f7xx_hal.o
                0x0000000020000014                uwTickPrio
 .data.uwTickFreq
                0x0000000020000018        0x1 ./Drivers/STM32F7xx_HAL_Driver/Src/stm32f7xx_hal.o
                0x0000000020000018                uwTickFreq
 *fill*         0x0000000020000019        0x3 
 .data.uxCriticalNesting
                0x000000002000001c        0x4 ./Middlewares/Third_Party/FreeRTOS/Source/portable/GCC/ARM_CM7/r0p1/port.o
 .data._impure_ptr
                0x0000000020000020        0x4 /home/nada/.eclipse/com.st.stm32cube.ide.mcu.rcp.product_1.11.2_139060371_linux_gtk_x86_64/plugins/com.st.stm32cube.ide.mcu.externaltools.gnu-tools-for-stm32.10.3-2021.10.linux64_1.0.200.202301161003/tools/bin/../lib/gcc/arm-none-eabi/10.3.1/../../../../arm-none-eabi/lib/thumb/v7e-m+fp/hard/libc_nano.a(lib_a-impure.o)
                0x0000000020000020                _impure_ptr
 .data.impure_data
                0x0000000020000024       0x60 /home/nada/.eclipse/com.st.stm32cube.ide.mcu.rcp.product_1.11.2_139060371_linux_gtk_x86_64/plugins/com.st.stm32cube.ide.mcu.externaltools.gnu-tools-for-stm32.10.3-2021.10.linux64_1.0.200.202301161003/tools/bin/../lib/gcc/arm-none-eabi/10.3.1/../../../../arm-none-eabi/lib/thumb/v7e-m+fp/hard/libc_nano.a(lib_a-impure.o)
 *(.RamFunc)
 *(.RamFunc*)
                0x0000000020000084                . = ALIGN (0x4)
                0x0000000020000084                _edata = .

.igot.plt       0x0000000020000084        0x0 load address 0x0000000008009038
 .igot.plt      0x0000000020000084        0x0 /home/nada/.eclipse/com.st.stm32cube.ide.mcu.rcp.product_1.11.2_139060371_linux_gtk_x86_64/plugins/com.st.stm32cube.ide.mcu.externaltools.gnu-tools-for-stm32.10.3-2021.10.linux64_1.0.200.202301161003/tools/bin/../lib/gcc/arm-none-eabi/10.3.1/thumb/v7e-m+fp/hard/crtbegin.o

.RxDecripSection
                0x0000000020000084       0xa0 load address 0x0000000008009038
 .RxDecripSection
                0x0000000020000084       0xa0 ./Core/Src/main.o
                0x0000000020000084                DMARxDscrTab

.TxDecripSection
                0x0000000020000124       0xa0 load address 0x00000000080090d8
 .TxDecripSection
                0x0000000020000124       0xa0 ./Core/Src/main.o
                0x0000000020000124                DMATxDscrTab
                0x00000000200001c4                . = ALIGN (0x4)

.bss            0x00000000200001c4     0x51d8 load address 0x0000000008009178
                0x00000000200001c4                _sbss = .
                0x00000000200001c4                __bss_start__ = _sbss
 *(.bss)
 .bss           0x00000000200001c4       0x1c /home/nada/.eclipse/com.st.stm32cube.ide.mcu.rcp.product_1.11.2_139060371_linux_gtk_x86_64/plugins/com.st.stm32cube.ide.mcu.externaltools.gnu-tools-for-stm32.10.3-2021.10.linux64_1.0.200.202301161003/tools/bin/../lib/gcc/arm-none-eabi/10.3.1/thumb/v7e-m+fp/hard/crtbegin.o
 *(.bss*)
 .bss.TxConfig  0x00000000200001e0       0x38 ./Core/Src/main.o
                0x00000000200001e0                TxConfig
 .bss.heth      0x0000000020000218       0xb0 ./Core/Src/main.o
                0x0000000020000218                heth
 .bss.hspi1     0x00000000200002c8       0x64 ./Core/Src/main.o
                0x00000000200002c8                hspi1
 .bss.hspi2     0x000000002000032c       0x64 ./Core/Src/main.o
                0x000000002000032c                hspi2
 .bss.huart3    0x0000000020000390       0x88 ./Core/Src/main.o
                0x0000000020000390                huart3
 .bss.hpcd_USB_OTG_FS
                0x0000000020000418      0x508 ./Core/Src/main.o
                0x0000000020000418                hpcd_USB_OTG_FS
 .bss.EnableHandle
                0x0000000020000920        0x4 ./Core/Src/main.o
                0x0000000020000920                EnableHandle
 .bss.InitHandle
                0x0000000020000924        0x4 ./Core/Src/main.o
                0x0000000020000924                InitHandle
 .bss.TestHandle
                0x0000000020000928        0x4 ./Core/Src/main.o
                0x0000000020000928                TestHandle
 .bss.UpdateHandle
                0x000000002000092c        0x4 ./Core/Src/main.o
                0x000000002000092c                UpdateHandle
 .bss.myBinarySemHandle
                0x0000000020000930        0x4 ./Core/Src/main.o
                0x0000000020000930                myBinarySemHandle
 .bss.MACAddr.0
                0x0000000020000934        0x6 ./Core/Src/main.o
 *fill*         0x000000002000093a        0x2 
 .bss.htim6     0x000000002000093c       0x4c ./Core/Src/stm32f7xx_hal_timebase_tim.o
                0x000000002000093c                htim6
 .bss.uwTick    0x0000000020000988        0x4 ./Drivers/STM32F7xx_HAL_Driver/Src/stm32f7xx_hal.o
                0x0000000020000988                uwTick
 .bss.KernelState
                0x000000002000098c        0x4 ./Middlewares/Third_Party/FreeRTOS/Source/CMSIS_RTOS_V2/cmsis_os2.o
 .bss.Idle_TCB  0x0000000020000990       0xbc ./Middlewares/Third_Party/FreeRTOS/Source/CMSIS_RTOS_V2/cmsis_os2.o
 .bss.Idle_Stack
                0x0000000020000a4c      0x200 ./Middlewares/Third_Party/FreeRTOS/Source/CMSIS_RTOS_V2/cmsis_os2.o
 .bss.Timer_TCB
                0x0000000020000c4c       0xbc ./Middlewares/Third_Party/FreeRTOS/Source/CMSIS_RTOS_V2/cmsis_os2.o
 .bss.Timer_Stack
                0x0000000020000d08      0x400 ./Middlewares/Third_Party/FreeRTOS/Source/CMSIS_RTOS_V2/cmsis_os2.o
 .bss.xQueueRegistry
                0x0000000020001108       0x40 ./Middlewares/Third_Party/FreeRTOS/Source/queue.o
                0x0000000020001108                xQueueRegistry
 .bss.pxCurrentTCB
                0x0000000020001148        0x4 ./Middlewares/Third_Party/FreeRTOS/Source/tasks.o
                0x0000000020001148                pxCurrentTCB
 .bss.pxReadyTasksLists
                0x000000002000114c      0x460 ./Middlewares/Third_Party/FreeRTOS/Source/tasks.o
 .bss.xDelayedTaskList1
                0x00000000200015ac       0x14 ./Middlewares/Third_Party/FreeRTOS/Source/tasks.o
 .bss.xDelayedTaskList2
                0x00000000200015c0       0x14 ./Middlewares/Third_Party/FreeRTOS/Source/tasks.o
 .bss.pxDelayedTaskList
                0x00000000200015d4        0x4 ./Middlewares/Third_Party/FreeRTOS/Source/tasks.o
 .bss.pxOverflowDelayedTaskList
                0x00000000200015d8        0x4 ./Middlewares/Third_Party/FreeRTOS/Source/tasks.o
 .bss.xPendingReadyList
                0x00000000200015dc       0x14 ./Middlewares/Third_Party/FreeRTOS/Source/tasks.o
 .bss.xTasksWaitingTermination
                0x00000000200015f0       0x14 ./Middlewares/Third_Party/FreeRTOS/Source/tasks.o
 .bss.uxDeletedTasksWaitingCleanUp
                0x0000000020001604        0x4 ./Middlewares/Third_Party/FreeRTOS/Source/tasks.o
 .bss.xSuspendedTaskList
                0x0000000020001608       0x14 ./Middlewares/Third_Party/FreeRTOS/Source/tasks.o
 .bss.uxCurrentNumberOfTasks
                0x000000002000161c        0x4 ./Middlewares/Third_Party/FreeRTOS/Source/tasks.o
 .bss.xTickCount
                0x0000000020001620        0x4 ./Middlewares/Third_Party/FreeRTOS/Source/tasks.o
 .bss.uxTopReadyPriority
                0x0000000020001624        0x4 ./Middlewares/Third_Party/FreeRTOS/Source/tasks.o
 .bss.xSchedulerRunning
                0x0000000020001628        0x4 ./Middlewares/Third_Party/FreeRTOS/Source/tasks.o
 .bss.uxPendedTicks
                0x000000002000162c        0x4 ./Middlewares/Third_Party/FreeRTOS/Source/tasks.o
 .bss.xYieldPending
                0x0000000020001630        0x4 ./Middlewares/Third_Party/FreeRTOS/Source/tasks.o
 .bss.xNumOfOverflows
                0x0000000020001634        0x4 ./Middlewares/Third_Party/FreeRTOS/Source/tasks.o
 .bss.uxTaskNumber
                0x0000000020001638        0x4 ./Middlewares/Third_Party/FreeRTOS/Source/tasks.o
 .bss.xNextTaskUnblockTime
                0x000000002000163c        0x4 ./Middlewares/Third_Party/FreeRTOS/Source/tasks.o
 .bss.xIdleTaskHandle
                0x0000000020001640        0x4 ./Middlewares/Third_Party/FreeRTOS/Source/tasks.o
 .bss.uxSchedulerSuspended
                0x0000000020001644        0x4 ./Middlewares/Third_Party/FreeRTOS/Source/tasks.o
 .bss.xActiveTimerList1
                0x0000000020001648       0x14 ./Middlewares/Third_Party/FreeRTOS/Source/timers.o
 .bss.xActiveTimerList2
                0x000000002000165c       0x14 ./Middlewares/Third_Party/FreeRTOS/Source/timers.o
 .bss.pxCurrentTimerList
                0x0000000020001670        0x4 ./Middlewares/Third_Party/FreeRTOS/Source/timers.o
 .bss.pxOverflowTimerList
                0x0000000020001674        0x4 ./Middlewares/Third_Party/FreeRTOS/Source/timers.o
 .bss.xTimerQueue
                0x0000000020001678        0x4 ./Middlewares/Third_Party/FreeRTOS/Source/timers.o
 .bss.xTimerTaskHandle
                0x000000002000167c        0x4 ./Middlewares/Third_Party/FreeRTOS/Source/timers.o
 .bss.xLastTime.2
                0x0000000020001680        0x4 ./Middlewares/Third_Party/FreeRTOS/Source/timers.o
 .bss.ucStaticTimerQueueStorage.1
                0x0000000020001684       0xa0 ./Middlewares/Third_Party/FreeRTOS/Source/timers.o
 .bss.xStaticTimerQueue.0
                0x0000000020001724       0x50 ./Middlewares/Third_Party/FreeRTOS/Source/timers.o
 .bss.ucMaxSysCallPriority
                0x0000000020001774        0x1 ./Middlewares/Third_Party/FreeRTOS/Source/portable/GCC/ARM_CM7/r0p1/port.o
 *fill*         0x0000000020001775        0x3 
 .bss.ulMaxPRIGROUPValue
                0x0000000020001778        0x4 ./Middlewares/Third_Party/FreeRTOS/Source/portable/GCC/ARM_CM7/r0p1/port.o
 .bss.ucHeap    0x000000002000177c     0x3c00 ./Middlewares/Third_Party/FreeRTOS/Source/portable/MemMang/heap_4.o
 .bss.xStart    0x000000002000537c        0x8 ./Middlewares/Third_Party/FreeRTOS/Source/portable/MemMang/heap_4.o
 .bss.pxEnd     0x0000000020005384        0x4 ./Middlewares/Third_Party/FreeRTOS/Source/portable/MemMang/heap_4.o
 .bss.xFreeBytesRemaining
                0x0000000020005388        0x4 ./Middlewares/Third_Party/FreeRTOS/Source/portable/MemMang/heap_4.o
 .bss.xMinimumEverFreeBytesRemaining
                0x000000002000538c        0x4 ./Middlewares/Third_Party/FreeRTOS/Source/portable/MemMang/heap_4.o
 .bss.xBlockAllocatedBit
                0x0000000020005390        0x4 ./Middlewares/Third_Party/FreeRTOS/Source/portable/MemMang/heap_4.o
 .bss.__lock___malloc_recursive_mutex
                0x0000000020005394        0x1 /home/nada/.eclipse/com.st.stm32cube.ide.mcu.rcp.product_1.11.2_139060371_linux_gtk_x86_64/plugins/com.st.stm32cube.ide.mcu.externaltools.gnu-tools-for-stm32.10.3-2021.10.linux64_1.0.200.202301161003/tools/bin/../lib/gcc/arm-none-eabi/10.3.1/../../../../arm-none-eabi/lib/thumb/v7e-m+fp/hard/libc_nano.a(lib_a-lock.o)
                0x0000000020005394                __lock___malloc_recursive_mutex
 *fill*         0x0000000020005395        0x3 
 .bss.__malloc_free_list
                0x0000000020005398        0x4 /home/nada/.eclipse/com.st.stm32cube.ide.mcu.rcp.product_1.11.2_139060371_linux_gtk_x86_64/plugins/com.st.stm32cube.ide.mcu.externaltools.gnu-tools-for-stm32.10.3-2021.10.linux64_1.0.200.202301161003/tools/bin/../lib/gcc/arm-none-eabi/10.3.1/../../../../arm-none-eabi/lib/thumb/v7e-m+fp/hard/libc_nano.a(lib_a-nano-mallocr.o)
                0x0000000020005398                __malloc_free_list
 *(COMMON)
                0x000000002000539c                . = ALIGN (0x4)
                0x000000002000539c                _ebss = .
                0x000000002000539c                __bss_end__ = _ebss

._user_heap_stack
                0x000000002000539c      0x604 load address 0x0000000008009178
                0x00000000200053a0                . = ALIGN (0x8)
 *fill*         0x000000002000539c        0x4 
                [!provide]                        PROVIDE (end = .)
                0x00000000200053a0                PROVIDE (_end = .)
                0x00000000200055a0                . = (. + _Min_Heap_Size)
 *fill*         0x00000000200053a0      0x200 
                0x00000000200059a0                . = (. + _Min_Stack_Size)
 *fill*         0x00000000200055a0      0x400 
                0x00000000200059a0                . = ALIGN (0x8)

/DISCARD/
 libc.a(*)
 libm.a(*)
 libgcc.a(*)

.ARM.attributes
                0x0000000000000000       0x30
 *(.ARM.attributes)
 .ARM.attributes
                0x0000000000000000       0x1e /home/nada/.eclipse/com.st.stm32cube.ide.mcu.rcp.product_1.11.2_139060371_linux_gtk_x86_64/plugins/com.st.stm32cube.ide.mcu.externaltools.gnu-tools-for-stm32.10.3-2021.10.linux64_1.0.200.202301161003/tools/bin/../lib/gcc/arm-none-eabi/10.3.1/thumb/v7e-m+fp/hard/crti.o
 .ARM.attributes
                0x000000000000001e       0x34 /home/nada/.eclipse/com.st.stm32cube.ide.mcu.rcp.product_1.11.2_139060371_linux_gtk_x86_64/plugins/com.st.stm32cube.ide.mcu.externaltools.gnu-tools-for-stm32.10.3-2021.10.linux64_1.0.200.202301161003/tools/bin/../lib/gcc/arm-none-eabi/10.3.1/thumb/v7e-m+fp/hard/crtbegin.o
 .ARM.attributes
                0x0000000000000052       0x34 ./Core/Src/main.o
 .ARM.attributes
                0x0000000000000086       0x34 ./Core/Src/stm32f7xx_hal_msp.o
 .ARM.attributes
                0x00000000000000ba       0x34 ./Core/Src/stm32f7xx_hal_timebase_tim.o
 .ARM.attributes
                0x00000000000000ee       0x34 ./Core/Src/stm32f7xx_it.o
 .ARM.attributes
                0x0000000000000122       0x34 ./Core/Src/system_stm32f7xx.o
 .ARM.attributes
                0x0000000000000156       0x21 ./Core/Startup/startup_stm32f746zgtx.o
 .ARM.attributes
                0x0000000000000177       0x34 ./Drivers/STM32F7xx_HAL_Driver/Src/stm32f7xx_hal.o
 .ARM.attributes
                0x00000000000001ab       0x34 ./Drivers/STM32F7xx_HAL_Driver/Src/stm32f7xx_hal_cortex.o
 .ARM.attributes
                0x00000000000001df       0x34 ./Drivers/STM32F7xx_HAL_Driver/Src/stm32f7xx_hal_eth.o
 .ARM.attributes
                0x0000000000000213       0x34 ./Drivers/STM32F7xx_HAL_Driver/Src/stm32f7xx_hal_gpio.o
 .ARM.attributes
                0x0000000000000247       0x34 ./Drivers/STM32F7xx_HAL_Driver/Src/stm32f7xx_hal_pcd.o
 .ARM.attributes
                0x000000000000027b       0x34 ./Drivers/STM32F7xx_HAL_Driver/Src/stm32f7xx_hal_pcd_ex.o
 .ARM.attributes
                0x00000000000002af       0x34 ./Drivers/STM32F7xx_HAL_Driver/Src/stm32f7xx_hal_pwr.o
 .ARM.attributes
                0x00000000000002e3       0x34 ./Drivers/STM32F7xx_HAL_Driver/Src/stm32f7xx_hal_rcc.o
 .ARM.attributes
                0x0000000000000317       0x34 ./Drivers/STM32F7xx_HAL_Driver/Src/stm32f7xx_hal_rcc_ex.o
 .ARM.attributes
                0x000000000000034b       0x34 ./Drivers/STM32F7xx_HAL_Driver/Src/stm32f7xx_hal_spi.o
 .ARM.attributes
                0x000000000000037f       0x34 ./Drivers/STM32F7xx_HAL_Driver/Src/stm32f7xx_hal_tim.o
 .ARM.attributes
                0x00000000000003b3       0x34 ./Drivers/STM32F7xx_HAL_Driver/Src/stm32f7xx_hal_tim_ex.o
 .ARM.attributes
                0x00000000000003e7       0x34 ./Drivers/STM32F7xx_HAL_Driver/Src/stm32f7xx_hal_uart.o
 .ARM.attributes
                0x000000000000041b       0x34 ./Drivers/STM32F7xx_HAL_Driver/Src/stm32f7xx_ll_usb.o
 .ARM.attributes
                0x000000000000044f       0x34 ./Middlewares/Third_Party/FreeRTOS/Source/CMSIS_RTOS_V2/cmsis_os2.o
 .ARM.attributes
                0x0000000000000483       0x34 ./Middlewares/Third_Party/FreeRTOS/Source/list.o
 .ARM.attributes
                0x00000000000004b7       0x34 ./Middlewares/Third_Party/FreeRTOS/Source/queue.o
 .ARM.attributes
                0x00000000000004eb       0x34 ./Middlewares/Third_Party/FreeRTOS/Source/tasks.o
 .ARM.attributes
                0x000000000000051f       0x34 ./Middlewares/Third_Party/FreeRTOS/Source/timers.o
 .ARM.attributes
                0x0000000000000553       0x34 ./Middlewares/Third_Party/FreeRTOS/Source/portable/GCC/ARM_CM7/r0p1/port.o
 .ARM.attributes
                0x0000000000000587       0x34 ./Middlewares/Third_Party/FreeRTOS/Source/portable/MemMang/heap_4.o
 .ARM.attributes
                0x00000000000005bb       0x34 /home/nada/.eclipse/com.st.stm32cube.ide.mcu.rcp.product_1.11.2_139060371_linux_gtk_x86_64/plugins/com.st.stm32cube.ide.mcu.externaltools.gnu-tools-for-stm32.10.3-2021.10.linux64_1.0.200.202301161003/tools/bin/../lib/gcc/arm-none-eabi/10.3.1/../../../../arm-none-eabi/lib/thumb/v7e-m+fp/hard/libc_nano.a(lib_a-findfp.o)
 .ARM.attributes
                0x00000000000005ef       0x34 /home/nada/.eclipse/com.st.stm32cube.ide.mcu.rcp.product_1.11.2_139060371_linux_gtk_x86_64/plugins/com.st.stm32cube.ide.mcu.externaltools.gnu-tools-for-stm32.10.3-2021.10.linux64_1.0.200.202301161003/tools/bin/../lib/gcc/arm-none-eabi/10.3.1/../../../../arm-none-eabi/lib/thumb/v7e-m+fp/hard/libc_nano.a(lib_a-impure.o)
 .ARM.attributes
                0x0000000000000623       0x34 /home/nada/.eclipse/com.st.stm32cube.ide.mcu.rcp.product_1.11.2_139060371_linux_gtk_x86_64/plugins/com.st.stm32cube.ide.mcu.externaltools.gnu-tools-for-stm32.10.3-2021.10.linux64_1.0.200.202301161003/tools/bin/../lib/gcc/arm-none-eabi/10.3.1/../../../../arm-none-eabi/lib/thumb/v7e-m+fp/hard/libc_nano.a(lib_a-init.o)
 .ARM.attributes
                0x0000000000000657       0x34 /home/nada/.eclipse/com.st.stm32cube.ide.mcu.rcp.product_1.11.2_139060371_linux_gtk_x86_64/plugins/com.st.stm32cube.ide.mcu.externaltools.gnu-tools-for-stm32.10.3-2021.10.linux64_1.0.200.202301161003/tools/bin/../lib/gcc/arm-none-eabi/10.3.1/../../../../arm-none-eabi/lib/thumb/v7e-m+fp/hard/libc_nano.a(lib_a-lock.o)
 .ARM.attributes
                0x000000000000068b       0x34 /home/nada/.eclipse/com.st.stm32cube.ide.mcu.rcp.product_1.11.2_139060371_linux_gtk_x86_64/plugins/com.st.stm32cube.ide.mcu.externaltools.gnu-tools-for-stm32.10.3-2021.10.linux64_1.0.200.202301161003/tools/bin/../lib/gcc/arm-none-eabi/10.3.1/../../../../arm-none-eabi/lib/thumb/v7e-m+fp/hard/libc_nano.a(lib_a-memcpy-stub.o)
 .ARM.attributes
                0x00000000000006bf       0x34 /home/nada/.eclipse/com.st.stm32cube.ide.mcu.rcp.product_1.11.2_139060371_linux_gtk_x86_64/plugins/com.st.stm32cube.ide.mcu.externaltools.gnu-tools-for-stm32.10.3-2021.10.linux64_1.0.200.202301161003/tools/bin/../lib/gcc/arm-none-eabi/10.3.1/../../../../arm-none-eabi/lib/thumb/v7e-m+fp/hard/libc_nano.a(lib_a-memset.o)
 .ARM.attributes
                0x00000000000006f3       0x34 /home/nada/.eclipse/com.st.stm32cube.ide.mcu.rcp.product_1.11.2_139060371_linux_gtk_x86_64/plugins/com.st.stm32cube.ide.mcu.externaltools.gnu-tools-for-stm32.10.3-2021.10.linux64_1.0.200.202301161003/tools/bin/../lib/gcc/arm-none-eabi/10.3.1/../../../../arm-none-eabi/lib/thumb/v7e-m+fp/hard/libc_nano.a(lib_a-nano-mallocr.o)
 .ARM.attributes
                0x0000000000000727       0x34 /home/nada/.eclipse/com.st.stm32cube.ide.mcu.rcp.product_1.11.2_139060371_linux_gtk_x86_64/plugins/com.st.stm32cube.ide.mcu.externaltools.gnu-tools-for-stm32.10.3-2021.10.linux64_1.0.200.202301161003/tools/bin/../lib/gcc/arm-none-eabi/10.3.1/../../../../arm-none-eabi/lib/thumb/v7e-m+fp/hard/libc_nano.a(lib_a-reent.o)
 .ARM.attributes
                0x000000000000075b       0x34 /home/nada/.eclipse/com.st.stm32cube.ide.mcu.rcp.product_1.11.2_139060371_linux_gtk_x86_64/plugins/com.st.stm32cube.ide.mcu.externaltools.gnu-tools-for-stm32.10.3-2021.10.linux64_1.0.200.202301161003/tools/bin/../lib/gcc/arm-none-eabi/10.3.1/../../../../arm-none-eabi/lib/thumb/v7e-m+fp/hard/libc_nano.a(lib_a-mlock.o)
 .ARM.attributes
                0x000000000000078f       0x34 /home/nada/.eclipse/com.st.stm32cube.ide.mcu.rcp.product_1.11.2_139060371_linux_gtk_x86_64/plugins/com.st.stm32cube.ide.mcu.externaltools.gnu-tools-for-stm32.10.3-2021.10.linux64_1.0.200.202301161003/tools/bin/../lib/gcc/arm-none-eabi/10.3.1/../../../../arm-none-eabi/lib/thumb/v7e-m+fp/hard/libc_nano.a(lib_a-nano-freer.o)
 .ARM.attributes
                0x00000000000007c3       0x1e /home/nada/.eclipse/com.st.stm32cube.ide.mcu.rcp.product_1.11.2_139060371_linux_gtk_x86_64/plugins/com.st.stm32cube.ide.mcu.externaltools.gnu-tools-for-stm32.10.3-2021.10.linux64_1.0.200.202301161003/tools/bin/../lib/gcc/arm-none-eabi/10.3.1/thumb/v7e-m+fp/hard/libgcc.a(_aeabi_uldivmod.o)
 .ARM.attributes
                0x00000000000007e1       0x34 /home/nada/.eclipse/com.st.stm32cube.ide.mcu.rcp.product_1.11.2_139060371_linux_gtk_x86_64/plugins/com.st.stm32cube.ide.mcu.externaltools.gnu-tools-for-stm32.10.3-2021.10.linux64_1.0.200.202301161003/tools/bin/../lib/gcc/arm-none-eabi/10.3.1/thumb/v7e-m+fp/hard/libgcc.a(_udivmoddi4.o)
 .ARM.attributes
                0x0000000000000815       0x1e /home/nada/.eclipse/com.st.stm32cube.ide.mcu.rcp.product_1.11.2_139060371_linux_gtk_x86_64/plugins/com.st.stm32cube.ide.mcu.externaltools.gnu-tools-for-stm32.10.3-2021.10.linux64_1.0.200.202301161003/tools/bin/../lib/gcc/arm-none-eabi/10.3.1/thumb/v7e-m+fp/hard/libgcc.a(_dvmd_tls.o)
 .ARM.attributes
                0x0000000000000833       0x1e /home/nada/.eclipse/com.st.stm32cube.ide.mcu.rcp.product_1.11.2_139060371_linux_gtk_x86_64/plugins/com.st.stm32cube.ide.mcu.externaltools.gnu-tools-for-stm32.10.3-2021.10.linux64_1.0.200.202301161003/tools/bin/../lib/gcc/arm-none-eabi/10.3.1/thumb/v7e-m+fp/hard/crtn.o
OUTPUT(3tasks.elf elf32-littlearm)
LOAD linker stubs
LOAD /home/nada/.eclipse/com.st.stm32cube.ide.mcu.rcp.product_1.11.2_139060371_linux_gtk_x86_64/plugins/com.st.stm32cube.ide.mcu.externaltools.gnu-tools-for-stm32.10.3-2021.10.linux64_1.0.200.202301161003/tools/bin/../lib/gcc/arm-none-eabi/10.3.1/../../../../arm-none-eabi/lib/thumb/v7e-m+fp/hard/libc.a
LOAD /home/nada/.eclipse/com.st.stm32cube.ide.mcu.rcp.product_1.11.2_139060371_linux_gtk_x86_64/plugins/com.st.stm32cube.ide.mcu.externaltools.gnu-tools-for-stm32.10.3-2021.10.linux64_1.0.200.202301161003/tools/bin/../lib/gcc/arm-none-eabi/10.3.1/../../../../arm-none-eabi/lib/thumb/v7e-m+fp/hard/libm.a
LOAD /home/nada/.eclipse/com.st.stm32cube.ide.mcu.rcp.product_1.11.2_139060371_linux_gtk_x86_64/plugins/com.st.stm32cube.ide.mcu.externaltools.gnu-tools-for-stm32.10.3-2021.10.linux64_1.0.200.202301161003/tools/bin/../lib/gcc/arm-none-eabi/10.3.1/thumb/v7e-m+fp/hard/libgcc.a

.debug_info     0x0000000000000000    0x24d66
 .debug_info    0x0000000000000000     0x2b66 ./Core/Src/main.o
 .debug_info    0x0000000000002b66     0x22bd ./Core/Src/stm32f7xx_hal_msp.o
 .debug_info    0x0000000000004e23      0xd20 ./Core/Src/stm32f7xx_hal_timebase_tim.o
 .debug_info    0x0000000000005b43      0x743 ./Core/Src/stm32f7xx_it.o
 .debug_info    0x0000000000006286      0x72c ./Core/Src/system_stm32f7xx.o
 .debug_info    0x00000000000069b2       0x22 ./Core/Startup/startup_stm32f746zgtx.o
 .debug_info    0x00000000000069d4      0xa0c ./Drivers/STM32F7xx_HAL_Driver/Src/stm32f7xx_hal.o
 .debug_info    0x00000000000073e0     0x105a ./Drivers/STM32F7xx_HAL_Driver/Src/stm32f7xx_hal_cortex.o
 .debug_info    0x000000000000843a     0x2258 ./Drivers/STM32F7xx_HAL_Driver/Src/stm32f7xx_hal_eth.o
 .debug_info    0x000000000000a692      0x794 ./Drivers/STM32F7xx_HAL_Driver/Src/stm32f7xx_hal_gpio.o
 .debug_info    0x000000000000ae26     0x16c1 ./Drivers/STM32F7xx_HAL_Driver/Src/stm32f7xx_hal_pcd.o
 .debug_info    0x000000000000c4e7      0x7df ./Drivers/STM32F7xx_HAL_Driver/Src/stm32f7xx_hal_pcd_ex.o
 .debug_info    0x000000000000ccc6      0x978 ./Drivers/STM32F7xx_HAL_Driver/Src/stm32f7xx_hal_pwr.o
 .debug_info    0x000000000000d63e      0x99c ./Drivers/STM32F7xx_HAL_Driver/Src/stm32f7xx_hal_rcc.o
 .debug_info    0x000000000000dfda      0x764 ./Drivers/STM32F7xx_HAL_Driver/Src/stm32f7xx_hal_rcc_ex.o
 .debug_info    0x000000000000e73e     0x1802 ./Drivers/STM32F7xx_HAL_Driver/Src/stm32f7xx_hal_spi.o
 .debug_info    0x000000000000ff40     0x2d22 ./Drivers/STM32F7xx_HAL_Driver/Src/stm32f7xx_hal_tim.o
 .debug_info    0x0000000000012c62     0x16f5 ./Drivers/STM32F7xx_HAL_Driver/Src/stm32f7xx_hal_tim_ex.o
 .debug_info    0x0000000000014357     0x3ccc ./Drivers/STM32F7xx_HAL_Driver/Src/stm32f7xx_hal_uart.o
 .debug_info    0x0000000000018023     0x1b65 ./Drivers/STM32F7xx_HAL_Driver/Src/stm32f7xx_ll_usb.o
 .debug_info    0x0000000000019b88     0x42fd ./Middlewares/Third_Party/FreeRTOS/Source/CMSIS_RTOS_V2/cmsis_os2.o
 .debug_info    0x000000000001de85      0x2d1 ./Middlewares/Third_Party/FreeRTOS/Source/list.o
 .debug_info    0x000000000001e156     0x1cad ./Middlewares/Third_Party/FreeRTOS/Source/queue.o
 .debug_info    0x000000000001fe03     0x2a8e ./Middlewares/Third_Party/FreeRTOS/Source/tasks.o
 .debug_info    0x0000000000022891     0x1c23 ./Middlewares/Third_Party/FreeRTOS/Source/timers.o
 .debug_info    0x00000000000244b4      0x4ca ./Middlewares/Third_Party/FreeRTOS/Source/portable/GCC/ARM_CM7/r0p1/port.o
 .debug_info    0x000000000002497e      0x3e8 ./Middlewares/Third_Party/FreeRTOS/Source/portable/MemMang/heap_4.o

.debug_abbrev   0x0000000000000000     0x3fd1
 .debug_abbrev  0x0000000000000000      0x34c ./Core/Src/main.o
 .debug_abbrev  0x000000000000034c      0x286 ./Core/Src/stm32f7xx_hal_msp.o
 .debug_abbrev  0x00000000000005d2      0x1e6 ./Core/Src/stm32f7xx_hal_timebase_tim.o
 .debug_abbrev  0x00000000000007b8      0x171 ./Core/Src/stm32f7xx_it.o
 .debug_abbrev  0x0000000000000929      0x136 ./Core/Src/system_stm32f7xx.o
 .debug_abbrev  0x0000000000000a5f       0x12 ./Core/Startup/startup_stm32f746zgtx.o
 .debug_abbrev  0x0000000000000a71      0x20d ./Drivers/STM32F7xx_HAL_Driver/Src/stm32f7xx_hal.o
 .debug_abbrev  0x0000000000000c7e      0x316 ./Drivers/STM32F7xx_HAL_Driver/Src/stm32f7xx_hal_cortex.o
 .debug_abbrev  0x0000000000000f94      0x2d3 ./Drivers/STM32F7xx_HAL_Driver/Src/stm32f7xx_hal_eth.o
 .debug_abbrev  0x0000000000001267      0x1c4 ./Drivers/STM32F7xx_HAL_Driver/Src/stm32f7xx_hal_gpio.o
 .debug_abbrev  0x000000000000142b      0x2d2 ./Drivers/STM32F7xx_HAL_Driver/Src/stm32f7xx_hal_pcd.o
 .debug_abbrev  0x00000000000016fd      0x1bd ./Drivers/STM32F7xx_HAL_Driver/Src/stm32f7xx_hal_pcd_ex.o
 .debug_abbrev  0x00000000000018ba      0x1b8 ./Drivers/STM32F7xx_HAL_Driver/Src/stm32f7xx_hal_pwr.o
 .debug_abbrev  0x0000000000001a72      0x27b ./Drivers/STM32F7xx_HAL_Driver/Src/stm32f7xx_hal_rcc.o
 .debug_abbrev  0x0000000000001ced      0x1b9 ./Drivers/STM32F7xx_HAL_Driver/Src/stm32f7xx_hal_rcc_ex.o
 .debug_abbrev  0x0000000000001ea6      0x254 ./Drivers/STM32F7xx_HAL_Driver/Src/stm32f7xx_hal_spi.o
 .debug_abbrev  0x00000000000020fa      0x264 ./Drivers/STM32F7xx_HAL_Driver/Src/stm32f7xx_hal_tim.o
 .debug_abbrev  0x000000000000235e      0x26c ./Drivers/STM32F7xx_HAL_Driver/Src/stm32f7xx_hal_tim_ex.o
 .debug_abbrev  0x00000000000025ca      0x2ce ./Drivers/STM32F7xx_HAL_Driver/Src/stm32f7xx_hal_uart.o
 .debug_abbrev  0x0000000000002898      0x278 ./Drivers/STM32F7xx_HAL_Driver/Src/stm32f7xx_ll_usb.o
 .debug_abbrev  0x0000000000002b10      0x46d ./Middlewares/Third_Party/FreeRTOS/Source/CMSIS_RTOS_V2/cmsis_os2.o
 .debug_abbrev  0x0000000000002f7d       0xf2 ./Middlewares/Third_Party/FreeRTOS/Source/list.o
 .debug_abbrev  0x000000000000306f      0x3a1 ./Middlewares/Third_Party/FreeRTOS/Source/queue.o
 .debug_abbrev  0x0000000000003410      0x3f3 ./Middlewares/Third_Party/FreeRTOS/Source/tasks.o
 .debug_abbrev  0x0000000000003803      0x360 ./Middlewares/Third_Party/FreeRTOS/Source/timers.o
 .debug_abbrev  0x0000000000003b63      0x26f ./Middlewares/Third_Party/FreeRTOS/Source/portable/GCC/ARM_CM7/r0p1/port.o
 .debug_abbrev  0x0000000000003dd2      0x1ff ./Middlewares/Third_Party/FreeRTOS/Source/portable/MemMang/heap_4.o

.debug_aranges  0x0000000000000000     0x1b80
 .debug_aranges
                0x0000000000000000       0x88 ./Core/Src/main.o
 .debug_aranges
                0x0000000000000088       0x60 ./Core/Src/stm32f7xx_hal_msp.o
 .debug_aranges
                0x00000000000000e8       0x30 ./Core/Src/stm32f7xx_hal_timebase_tim.o
 .debug_aranges
                0x0000000000000118       0x50 ./Core/Src/stm32f7xx_it.o
 .debug_aranges
                0x0000000000000168       0x28 ./Core/Src/system_stm32f7xx.o
 .debug_aranges
                0x0000000000000190       0x28 ./Core/Startup/startup_stm32f746zgtx.o
 .debug_aranges
                0x00000000000001b8      0x100 ./Drivers/STM32F7xx_HAL_Driver/Src/stm32f7xx_hal.o
 .debug_aranges
                0x00000000000002b8      0x118 ./Drivers/STM32F7xx_HAL_Driver/Src/stm32f7xx_hal_cortex.o
 .debug_aranges
                0x00000000000003d0      0x1e0 ./Drivers/STM32F7xx_HAL_Driver/Src/stm32f7xx_hal_eth.o
 .debug_aranges
                0x00000000000005b0       0x58 ./Drivers/STM32F7xx_HAL_Driver/Src/stm32f7xx_hal_gpio.o
 .debug_aranges
                0x0000000000000608      0x148 ./Drivers/STM32F7xx_HAL_Driver/Src/stm32f7xx_hal_pcd.o
 .debug_aranges
                0x0000000000000750       0x48 ./Drivers/STM32F7xx_HAL_Driver/Src/stm32f7xx_hal_pcd_ex.o
 .debug_aranges
                0x0000000000000798       0xa0 ./Drivers/STM32F7xx_HAL_Driver/Src/stm32f7xx_hal_pwr.o
 .debug_aranges
                0x0000000000000838       0x88 ./Drivers/STM32F7xx_HAL_Driver/Src/stm32f7xx_hal_rcc.o
 .debug_aranges
                0x00000000000008c0       0x50 ./Drivers/STM32F7xx_HAL_Driver/Src/stm32f7xx_hal_rcc_ex.o
 .debug_aranges
                0x0000000000000910      0x1d8 ./Drivers/STM32F7xx_HAL_Driver/Src/stm32f7xx_hal_spi.o
 .debug_aranges
                0x0000000000000ae8      0x3e0 ./Drivers/STM32F7xx_HAL_Driver/Src/stm32f7xx_hal_tim.o
 .debug_aranges
                0x0000000000000ec8      0x178 ./Drivers/STM32F7xx_HAL_Driver/Src/stm32f7xx_hal_tim_ex.o
 .debug_aranges
                0x0000000000001040      0x228 ./Drivers/STM32F7xx_HAL_Driver/Src/stm32f7xx_hal_uart.o
 .debug_aranges
                0x0000000000001268      0x1a8 ./Drivers/STM32F7xx_HAL_Driver/Src/stm32f7xx_ll_usb.o
 .debug_aranges
                0x0000000000001410      0x228 ./Middlewares/Third_Party/FreeRTOS/Source/CMSIS_RTOS_V2/cmsis_os2.o
 .debug_aranges
                0x0000000000001638       0x40 ./Middlewares/Third_Party/FreeRTOS/Source/list.o
 .debug_aranges
                0x0000000000001678      0x158 ./Middlewares/Third_Party/FreeRTOS/Source/queue.o
 .debug_aranges
                0x00000000000017d0      0x1f8 ./Middlewares/Third_Party/FreeRTOS/Source/tasks.o
 .debug_aranges
                0x00000000000019c8       0xe8 ./Middlewares/Third_Party/FreeRTOS/Source/timers.o
 .debug_aranges
                0x0000000000001ab0       0x80 ./Middlewares/Third_Party/FreeRTOS/Source/portable/GCC/ARM_CM7/r0p1/port.o
 .debug_aranges
                0x0000000000001b30       0x50 ./Middlewares/Third_Party/FreeRTOS/Source/portable/MemMang/heap_4.o

.debug_ranges   0x0000000000000000     0x1a08
 .debug_ranges  0x0000000000000000       0x78 ./Core/Src/main.o
 .debug_ranges  0x0000000000000078       0x50 ./Core/Src/stm32f7xx_hal_msp.o
 .debug_ranges  0x00000000000000c8       0x20 ./Core/Src/stm32f7xx_hal_timebase_tim.o
 .debug_ranges  0x00000000000000e8       0x40 ./Core/Src/stm32f7xx_it.o
 .debug_ranges  0x0000000000000128       0x18 ./Core/Src/system_stm32f7xx.o
 .debug_ranges  0x0000000000000140       0x20 ./Core/Startup/startup_stm32f746zgtx.o
 .debug_ranges  0x0000000000000160       0xf0 ./Drivers/STM32F7xx_HAL_Driver/Src/stm32f7xx_hal.o
 .debug_ranges  0x0000000000000250      0x108 ./Drivers/STM32F7xx_HAL_Driver/Src/stm32f7xx_hal_cortex.o
 .debug_ranges  0x0000000000000358      0x1d0 ./Drivers/STM32F7xx_HAL_Driver/Src/stm32f7xx_hal_eth.o