../Core/Src/main.c:174:5:main	8	static
../Core/Src/main.c:270:6:SystemClock_Config	88	static
../Core/Src/main.c:320:13:MX_ETH_Init	8	static
../Core/Src/main.c:368:13:MX_SPI1_Init	8	static
../Core/Src/main.c:408:13:MX_SPI2_Init	8	static
../Core/Src/main.c:448:13:MX_USART3_UART_Init	8	static
../Core/Src/main.c:483:13:MX_USB_OTG_FS_PCD_Init	8	static
../Core/Src/main.c:518:13:MX_GPIO_Init	56	static
../Core/Src/main.c:582:6:StartEnable	48	static
../Core/Src/main.c:617:6:StartInit	48	static
../Core/Src/main.c:658:6:StartTest	48	static
../Core/Src/main.c:714:6:StartUpdate	64	static
../Core/Src/main.c:801:6:HAL_TIM_PeriodElapsedCallback	16	static
../Core/Src/main.c:818:6:Error_Handler	4	static,ignoring_inline_asm
